@module commandManager  src=commandManager.lua  loc=594  sha=7e24684  mode=chunk  self=cmgr
@deps cm

# Invariants & contracts
  @invariant  cmgr owns a flat command namespace; scopes own keymaps + modal/passthrough only  @ 3
  @invariant  scope:register installs a gated wrapper; invoke returns nil when scope is unreachable  @ 4
  @invariant  scopes form a stack walked top-down; the bottom is the 'global' scope pushed at module load  @ 5
  @invariant  a modal scope without passthrough[name] blocks both key dispatch and invoke for names below it  @ 6
  @invariant  command return: nil = handled (stop dispatch); false = declined (let char queue see the keypress)  @ 7
  @invariant  spring-loaded scope: redirect[] reinterprets; keepAlive[] passes; else onBail()  @ 8
  @invariant  a keymap entry is an array of keyspecs — multiple bindings dispatch to the same command  @ 9
  @invariant  layouts row 1 = base octave (15 semitones, C..D+1oct); row 2 = +1 octave (17 semitones, C..F+1oct)  @ 10
  @invariant  chars is folded from layouts at load time so the LUT can't drift from the declaration  @ 11
  @contract  optional undoDesc wraps fn in util.atomic(undoDesc, fn) so REAPER's undo stack records this command as a labelled block  @ 88
  @contract  registerAll value is either fn or {fn, undoDesc}; the tuple form opts the command into REAPER undo wrapping with the given label  @ 95

# Shapes
  @shape  keyspec = keyConstant | { keyConstant, mod1, mod2, ... }   -- mods OR'd into a single mask  @ 12
  @shape  keymapEntry = { keyspec, ... }                              -- array; each keyspec triggers the same command  @ 13
  @shape  noteChar = { semi = 0..16, octOff = 0..1 }  @ 14
  @shape  scope = { keymap={}, registered={}, modal?, passthrough?, springLoaded?, redirect={[name]=fn}?, keepAlive={[name]=true}?, onBail? }  @ 79

# Imports
  @require util = 'util'  @ 15

# Private state
  @state layouts = {  @ 17
  @state chars = {}  @ 36
  @state cmgr = {  @ 50
  @state global = newScope('global')  @ 114
  @state prefixBuf, pendingPrefix = nil, nil  @ 175
  @state pendingPrefixNum, pendingPrefixDen = nil, nil  @ 176
  @state keyNames  @ 362
  @state shiftGlyph  @ 402
  @state modOrder, modSep  @ 421
  @state keyTokens, modTokenList, tokenKeys, modByName  @ 472

# Private functions
  -- Stack reachability
  @fn isReachable(scope, name)  @ 64-75
  -- Scope
  @fn newScope(scopeName)  @ 80-109
  -- Bottom of the stack
  -- Manager-level surface
  -- Universal-argument prefix
  @fn clearPrefixState()  @ 178-181
  -- Scopes & stack
  @fn asScope(s)  @ 233
  -- Dispatch
  -- Keymap lookup
  @fn resolveKeys(name)  @ 280-287
  -- Binding-edit queries (scope-aware)
  -- Note layout
  -- Key labels (human-readable bindings, for the help overlay)
  @fn buildKeyNames(ImGui)  @ 363-398
  @fn buildShiftGlyphs(ImGui)  @ 403-417
  @fn buildModOrder(ImGui)  @ 422-438
  -- Binding tokens (stable ASCII; the on-disk / hand-edit form)
  @fn buildKeyTokens(ImGui)  @ 474-509
  @fn buildModTokens(ImGui)  @ 511-518
  @fn ensureTokenTables(ImGui)  @ 520-526

# Public API (cmgr:*)
  @api cmgr:register(name, fn, undoDesc)  @ 123
      @contract  delegates to the global scope — root-level commands are gated-to-global, which is always reachable; the duplicated registration body now lives only in scope:register  @ 122
  @api cmgr:registerAll(tbl)  @ 124
  @api cmgr:rootKeymap()  @ 127
      @contract  returns the bottom-of-stack ('global') keymap directly — used by dispatchers that want to fire ONLY root bindings (e.g. trackerPage's swing editor wants playPause/quit live but page-scoped commands off)  @ 126
  @api cmgr:bind(name, keys)  @ 129
  @api cmgr:bindAll(tbl)  @ 130
  @api cmgr:wrap(name, wrapper)  @ 133-137
      @contract  wrap is a no-op if name has no registered command; wrappers stack (compose outward)  @ 132
  @api cmgr:doBefore(name, before)  @ 142-150
      @contract  doBefore/doAfter accept either a single name or an array of names  @ 139
      @contract  doAfter preserves the original command's return values (the dispatch signal)  @ 140
      @invariant  wraps compose inside the gate — when invoke skips a gated command, no doBefore / doAfter side-effect fires  @ 141
  @api cmgr:doAfter(name, after)  @ 152-162
  @api cmgr:beginPrefix()  @ 184
      @contract  buffer accepts only '0'..'9' and '/'; cancel/finish/invoke each leave the state inactive  @ 183
  @api cmgr:isPrefixActive()  @ 185
  @api cmgr:appendPrefix(ch)  @ 187-191
  @api cmgr:cancelPrefix()  @ 193
  @api cmgr:finishPrefix()  @ 196-214
      @contract  empty buffer or unparseable input → nil pending value; '/' with empty numerator or denominator parses as nil; integer N stored as (N/1)  @ 195
  @api cmgr:prefixRational()  @ 217-219
      @contract  non-consuming reader of the parsed rational; safe to call inside a command body. Returns (nil, nil) when no prefix is pending. State is cleared at the end of invoke, not by this call.  @ 216
  @api cmgr:scope(name)  @ 224-231
      @contract  creates the scope on first request; idempotent thereafter  @ 223
  @api cmgr:push(s)  @ 236-240
      @contract  push(name|scope); creates a named scope if absent. Top-of-stack is the most recently pushed.  @ 235
  @api cmgr:pop(s)  @ 243-247
      @contract  pop(name|scope) asserts the named scope is currently on top; pops it  @ 242
  @api cmgr:invoke(name, ...)  @ 254-273
      @contract  returns nil when the command is unknown OR registered on a scope that is not currently reachable (off-stack or blocked by a modal above)  @ 251
      @contract  always prepends the pending prefix (defaulted to 1 when nothing is pending) as the first argument to the command body. Bodies that need to distinguish "user typed 1" from "no prefix" read prefixRational() — it returns (nil, nil) when nothing is pending. State stays live for the call so the body may read it; cleared on return ONLY if there was a pending prefix at entry, so a command body that opens prefix mode (beginPrefix) is not wiped out by its own invoke.  @ 252
      @contract  spring-loaded scope: redirect[] runs fn in-place; keepAlive[] passes; else onBail()  @ 253
  @api cmgr:keysFor(name)  @ 289
  @api cmgr:keychain()  @ 292-309
      @contract  returns one keymap per stack scope in top-down order; modal scopes filter lower keymaps to their passthrough name set, then halt the walk  @ 291
  @api cmgr:keySpec(spec, ImGui)  @ 312-317
      -- ImGui injected so cmgr stays free of REAPER-side imports at module load.
  @api cmgr:commandAtKey(spec, exceptName, ImGui)  @ 323-335
      @contract  reachable command for spec's key (keychain top-down); skips exceptName; nil if free  @ 322
  @api cmgr:bindingSite(name)  @ 338-345
      @contract  scope to edit name's binding in: scope currently binding it, else its gate scope  @ 337
  @api cmgr:noteChars(char)  @ 351-353
      -- Re-read noteLayout on each call so a config change takes effect
      -- without rebuilding vm.
  @api cmgr:keyLabel(spec, ImGui)  @ 440-452
  @api cmgr:keyLabelList(name, ImGui)  @ 455-461
      @contract  list of human labels, one per bound keyspec of the reachable command, or nil if unbound  @ 454
  @api cmgr:keyLabels(name, ImGui)  @ 464-467
      @contract  keyLabelList joined by ' / ', or nil if unbound on the current stack  @ 463
  @api cmgr:tokenForSpec(spec, ImGui)  @ 529-540
      @contract  spec -> stable ASCII token ("Ctrl+Z"); nil if the key has no token name  @ 528
  @api cmgr:specForToken(token, ImGui)  @ 543-558
      @contract  token -> keyspec (bare key | {key, mod...}); (nil, err) on an unknown key/modifier  @ 542
  -- Binding overrides (persisted, hand-editable)
  @api cmgr:loadOverrides(ImGui)  @ 564-579
      @contract  a malformed token is warned and skipped; the command keeps its other (good) bindings  @ 563
  @api cmgr:rebind(scopeName, name, specs, ImGui)  @ 582-592
      @contract  overwrites the scope's binding for name and persists it as tokens (global tier)  @ 581

# Uses (outbound edges)
  @use call    cm:get  @ noteChars:352 loadOverrides:565 rebind:586
  @use call    cm:set  @ rebind:591
  @use call    util.atomic  @ newScope:91
  @use call    util.print  @ loadOverrides:573
  @use require util  @ 15

# REAPER API surface
  @reaper GetOS

# Fields (r read / w write incl. constructor keys)
  @field r Key_0  @ buildKeyNames:366 buildShiftGlyphs:406 buildKeyTokens:477
  @field r Key_A  @ buildKeyNames:365 buildKeyTokens:476
  @field r Key_Apostrophe  @ buildKeyNames:386 buildShiftGlyphs:411 buildKeyTokens:500
  @field r Key_Backslash  @ buildKeyNames:388 buildShiftGlyphs:409 buildKeyTokens:506
  @field r Key_Backspace  @ buildKeyNames:374,393 buildKeyTokens:485
  @field r Key_Comma  @ buildKeyNames:381 buildShiftGlyphs:412 buildKeyTokens:496
  @field r Key_Delete  @ buildKeyNames:375,394 buildKeyTokens:486
  @field r Key_DownArrow  @ buildKeyNames:368 buildKeyTokens:493
  @field r Key_End  @ buildKeyNames:376,395 buildKeyTokens:489
  @field r Key_Enter  @ buildKeyNames:370,391 buildKeyTokens:481
  @field r Key_Equal  @ buildKeyNames:380 buildKeyTokens:502
  @field r Key_Escape  @ buildKeyNames:371,392 buildKeyTokens:483
  @field r Key_GraveAccent  @ buildKeyNames:385 buildShiftGlyphs:415 buildKeyTokens:505
  @field r Key_Home  @ buildKeyNames:376,395 buildKeyTokens:488
  @field r Key_Insert  @ buildKeyTokens:487
  @field r Key_Keypad0  @ buildKeyTokens:478
  @field r Key_KeypadEnter  @ buildKeyNames:370,391 buildKeyTokens:482
  @field r Key_KeypadSubtract  @ buildKeyTokens:507
  @field r Key_LeftArrow  @ buildKeyNames:369 buildKeyTokens:494
  @field r Key_LeftBracket  @ buildKeyNames:383 buildShiftGlyphs:407 buildKeyTokens:503
  @field r Key_Minus  @ buildKeyNames:379 buildKeyTokens:501
  @field r Key_PageDown  @ buildKeyNames:377 buildKeyTokens:491
  @field r Key_PageUp  @ buildKeyNames:377 buildKeyTokens:490
  @field r Key_Period  @ buildKeyNames:382 buildShiftGlyphs:413 buildKeyTokens:497
  @field r Key_RightArrow  @ buildKeyNames:369 buildKeyTokens:495
  @field r Key_RightBracket  @ buildKeyNames:384 buildShiftGlyphs:408 buildKeyTokens:504
  @field r Key_Semicolon  @ buildKeyNames:387 buildShiftGlyphs:410 buildKeyTokens:499
  @field r Key_Slash  @ buildKeyNames:378 buildShiftGlyphs:414 buildKeyTokens:498
  @field r Key_Space  @ buildKeyNames:373 buildKeyTokens:480
  @field r Key_Tab  @ buildKeyNames:372 buildKeyTokens:484
  @field r Key_UpArrow  @ buildKeyNames:368 buildKeyTokens:492
  @field r Mod_Alt  @ buildModOrder:427,434 buildModTokens:515
  @field r Mod_Ctrl  @ buildModOrder:429,433 buildModTokens:513
  @field r Mod_None  @ keySpec:313,314
  @field r Mod_Shift  @ buildModOrder:428,435 keyLabel:445 buildModTokens:514
  @field r Mod_Super  @ buildModOrder:426,436 buildModTokens:516
  @field w azerty  @ 30
  @field r cm  @ 48
  @field w colemak  @ 22
  @field r commands  @ newScope:91 wrap:134,136 invoke:255
  @field w commands  @ 51
  @field w dvorak  @ 26
  @field r gates  @ newScope:92 invoke:263,267 bindingSite:344
  @field w gates  @ 52
  @field w global  @ 115
  @field r keepAlive  @ invoke:263
  @field r keymap  @ newScope:103,105 117 rootKeymap:127 resolveKeys:283 keychain:295,300 bindingSite:341 loadOverrides:575 rebind:585
  @field w keymap  @ newScope:81 117
  @field w layouts  @ 55
  @field r modal  @ isReachable:72 resolveKeys:285 keychain:296 bindingSite:342
  @field r name  @ bindingSite:341,344
  @field w name  @ newScope:81
  @field r passthrough  @ isReachable:72 resolveKeys:285 keychain:297 bindingSite:342
  @field w qwerty  @ 18
  @field r redirect  @ invoke:258
  @field r registered  @ newScope:90
  @field w registered  @ newScope:81
  @field r scopes  @ 115 scope:225,228 asScope:233 loadOverrides:566 rebind:583
  @field w scopes  @ 53
  @field r springLoaded  @ invoke:257
  @field r stack  @ isReachable:66,70,71 116 push:238 pop:245,246 invoke:256
  @field r stack  @ resolveKeys:281,282 keychain:294,295,296,297,300 bindingSite:339,340
  @field w stack  @ 54
