@module gridPane  src=gridPane.lua  loc=1162  mode=chunk  self=gridPane
@deps cm, cmgr, chrome, gui, tv, inputAllowed, chordEntry

# Invariants & contracts
  @invariant  grid render + input only; tracker state lives in tv/ec, never cached here  @ 4
  @invariant  col.x == nil is the visibility predicate; per-column draws must gate on it  @ 5
  @invariant  cell coords 0-indexed; header rows at -HEADER, row-num gutter at -GUTTER  @ 6
  @invariant  page-persistent state: cellW/H, dragging, laneConsumed, paintLast  @ 7
  @contract  host supplies inputAllowed() -- folds modal/picker/item-active/palette/strip gates  @ 8
  @contract  host chordEntry=false gates the chord gesture off (the pattern editor passes false)  @ 9
  @contract  bails if laneConsumed; lane strip wins gestures over the tracker grid  @ 959
  @contract  right-click on channel-label row toggles mute  @ 960
  @contract  click on label rows selects channel/column  @ 961
  @contract  body click moves cursor and arms drag  @ 962
  @contract  no-op unless inputAllowed(); host folds modal/picker/item-active/palette/strip  @ 1102
  @contract  every fresh press enters; only lastEditKey autorepeats  @ 1103
  @contract  scans editKeys per frame; reads ec/grid fresh (editEvent may rebuild)  @ 1104
  @contract  a note key typed while armed exits region mode then enters (execute-through)  @ 1105
  @contract  Shift+notechar strikes chords (+Alt spreads channels); Shift+digit value place-walk  @ 1106
  @contract  Backspace deletes last chord note; Shift+=/- nudges vel; shift release commits  @ 1107

# Imports
  @require util = 'util'  @ 10
  @require groups = 'groups'  @ 11
  @require ImGui = 'imgui'  @ 17
  @require painter = 'painter'  @ 18

# Constructed sub-instances
  @construct curveEditor = util.instantiate('curveEditor')  @ 59

# Private state
  @state GUTTER = 5  @ 25   -- in grid chars: 3-char row num + spacer + region slot
  @state HEADER = 3  @ 26   -- header rows, fixed; vertical param names truncate to fit, never grow it
  @state RESERVE_ROWS = 0.3  @ 27   -- bottom breathing left clear below the last row (status band / modal edge)
  @state ANCHOR_HALO = 6  @ 28   -- px; matches curveEditor HIT_PX so the hit-rect covers anchors on the rect edge
  @state cellW = nil  @ 30   -- px per cell; set on first computeLayout
  @state cellH = nil  @ 31
  @state gridOriginX = 0  @ 32
  @state gridOriginY = 0  @ 33
  @state viewCols = 0  @ 34
  @state viewRows = 0  @ 35
  @state gridPainter = nil  @ 36   -- cell painter, rebuilt each frame in drawTracker; hit-test reads its fromScreen so draw and hit can't drift
  @state chanLeft, chanWidth, totalWidth = {}, {}, 0  @ 38
  @state ctx, gridFont, uiFont = gui.ctx, gui.font, gui.uiFont  @ 57
  @state dragging = false  @ 58   -- tracker-grid selection drag: click → held → release
  @state laneConsumed = false  @ 60
  @state paintLast = nil  @ 62   -- region-paint per-cell debounce
  @state renderFns = {  @ 176
  @state READOUT_SIZE = 11  @ 199
  @state VNAME_MAX = 14  @ 290
  @state laneRenderable = { cc = true, pb = true, at = true }  @ 363
      @invariant  lane strip renders only cc/pb/at; other types show as tinted background  @ 362
  @state LANE_ROW_MIN = 3  @ 365
  @state LANE_ROW_MAX = 32  @ 366
  @state PART_LABEL = { pitch = 'PITCH', sample = 'SAMP', vel = 'VEL', delay = ...  @ 495
      @contract  assumes computeLayout ran this frame; reads chanLeft/Width/Order, gridOriginX/Y  @ 492
  @state NO_OVERLAY = { notes = {}, values = {}, hidden = {} }  @ 511   -- caret outside every chain: no ghosts, nothing suppressed
  @state editKeys = {}  @ 851
  @state lastEditKey  @ 869
  @state gridPane = {}  @ 873

# Private functions
  @fn layoutColumns(cols, scrollCol)  @ 41-55
      @contract  clears col.x on every col before assigning; off-screen cols stay nil  @ 40
  -- Cell renderers
  @fn renderNote(evt, col, row)  @ 66-148
  @fn renderPB(evt)  @ 150-155
  @fn renderCC(evt, col)  @ 157-164
  @fn renderFx(_, col, row)  @ 168-174
      -- The region's chain, one stage per row from the badge down, resolved off the registry as the
      -- view minted the stack; live stages keep the cell's default colour, bypassed ones dim like the fx tab.
  @fn renderCell(evt, col, row)  @ 186-189
  @fn delayMarkerOffset(col, pitchWidth)  @ 193-195
      -- Offset of the gap before the 3 delay digits in a note cell (* marker slot).
      -- Layout: pitch(W, active pitchWidth) + optional readout(1) + optional sample(3) + ' ' + vel(2).
  -- Drawing
  @fn printer(x0, y0)  @ 205-270
      -- Cell adapter over the shared painter: col/row → screen via one transform.
      -- cellW/cellH are odd integers (whole-pixel landing); snap handles fractional cases.
  @fn laneStripRows()  @ 273-276
      @contract  returns 0 when laneStrip.visible is false; layout and draw branch on this  @ 272
  @fn drawLocalScrim(draw, hole, w, h)  @ 280-286
      -- Local-mode wash: dim the whole grid except a hole at the instance the caret sits
      -- inside (`hole`, grid units); nil hole washes everything. Overlays the cell pass.
  @fn vnameSize()  @ 292
  @fn vnameGap()  @ 296
      -- Bottom gap under a vertical name, in rows: clear of the grid's top rule
      -- with a couple of px of breathing room.
  @fn vname(label)  @ 300-325
      -- Rotated param name, trimmed to fit the fixed header. Binary search finds
      -- the longest prefix whose rotated strip fits, exact under variable-width fonts.
  @fn ensureCellSize()  @ 329-337
      -- cellW/cellH: odd px so 1px strokes land on pixel centres. Lazy: first layout or measure.
      -- Measure under the grid font: naturalWidth() may trigger this before draw's font push.
  @fn computeLayout(budgetW, budgetH)  @ 342-358
      -- RESERVE_ROWS of breathing is kept clear at the bottom for every caller; the grid fills the rest.
      @contract  must run before draws reading chanLeft/chanWidth/totalWidth/viewRows  @ 339
      @contract  calls tv:setGridSize so tv scroll math sees the live viewport  @ 340
  -- Lane strip
  @fn curveEditorFrame(col, colIdx, rect, tMin, tMax, hovered)  @ 370-415
      -- Build the curve-editor FrameArgs for `col` over row-space [tMin,tMax] in `rect`; returns
      -- true iff it consumed the mouse. Shared by the lane strip and the pattern editor's curve pane.
  @fn drawLaneStrip()  @ 419-490
      @contract  publishes laneConsumed=true if curve editor claimed input this frame  @ 417
      @contract  handleMouse short-circuits on laneConsumed  @ 418
  @fn notePartHeaders(col)  @ 497-509
  @fn drawTracker()  @ 513-819
  -- Input
  @fn cellAt(mouseX, mouseY)  @ 825-828
      -- Screen point -> (fractional column, integer row) through the grid painter's
      -- inverse, so a click resolves against the exact transform the draw pass used.
  @fn nearestStop(mouseX, mouseY)  @ 832-847
      @contract  returns (col, stop, fracX) or (nil, nil, fracX)  @ 830
      @invariant  fracX is separate so callers distinguish 'past last col' from 'inside col N'  @ 831
  @fn add(key, byte, digit)  @ 853

# Public API (gridPane:*)
  @api gridPane:draw(gridW, gridH)  @ 878-885
      -- Draw pass: computeLayout twice (lane-drag callbacks may rebuild grid.cols,
      -- so drawTracker needs a fresh layout), with the grid font pushed throughout.
      @invariant  lane-strip drag callbacks may flush tv.grid.cols and clear col.x  @ 877
  @api gridPane:geom()  @ 888-890
      -- Grid geometry for the host's help:anchor (which spans grid + palette).
  @api gridPane:naturalWidth()  @ 894-899
      -- Intrinsic pixel width of the current grid (gutter + every column). Lets the pattern
      -- editor size the grid to its exact content and hand the rest of the width to the curve.
  @api gridPane:heightForRows(rows)  @ 903-906
      -- Content-region pixel height for `rows` grid rows (header, lane strip, bottom breathing);
      -- inverts computeLayout. +2px cancels its RESERVE subtraction so pixel rounding can't clip the last row.
  @api gridPane:cellHeight()  @ 908
  @api gridPane:cellWidth()  @ 909
  @api gridPane:drawCurveEditor(rect)  @ 914-957
      -- time -> X across the grid's scrolled window, so scrolling pans/zooms the curve and a
      -- fitting pattern shows whole; assumes gridPane:draw ran first this frame (reads viewRows).
      @contract  renders the current column's curve into `rect`; sets laneConsumed  @ 911
  @api gridPane:handleMouse()  @ 963-1098
  @api gridPane:handleKeys(kr)  @ 1108-1160
      -- commandHeld gates note entry per key: a key bound to both a command and note
      -- entry (e.g. '.' = delete) fires the command; unrelated keys still enter.

# Uses (outbound edges)
  @use call    ImGui.CalcTextSize  @ ensureCellSize:332
  @use call    ImGui.Dummy  @ drawLaneStrip:475 drawTracker:818
  @use call    ImGui.GetCursorScreenPos  @ drawLaneStrip:424,455,477 drawTracker:519 drawCurveEditor:944
  @use call    ImGui.GetKeyMods  @ handleMouse:979,1036 handleKeys:1109
  @use call    ImGui.GetMousePos  @ handleMouse:983,1000,1013,1048
  @use call    ImGui.GetMouseWheel  @ handleMouse:1082
  @use call    ImGui.InvisibleButton  @ drawLaneStrip:457 drawCurveEditor:948
  @use call    ImGui.IsItemActive  @ drawLaneStrip:459 drawCurveEditor:950
  @use call    ImGui.IsItemHovered  @ drawLaneStrip:459 drawCurveEditor:950
  @use call    ImGui.IsKeyPressed  @ handleKeys:1119,1136,1137
  @use call    ImGui.IsMouseClicked  @ handleMouse:971,972
  @use call    ImGui.IsMouseDown  @ handleMouse:973
  @use call    ImGui.IsWindowHovered  @ handleMouse:978,999,1012,1081
  @use call    ImGui.PopFont  @ ensureCellSize:333 draw:884
  @use call    ImGui.PushFont  @ ensureCellSize:331 draw:879
  @use call    ImGui.SameLine  @ drawLaneStrip:484
  @use call    ImGui.SetCursorScreenPos  @ drawLaneStrip:456,460,479,489 drawCurveEditor:947,951
  @use call    ImGui.SmallButton  @ drawLaneStrip:481,485
  @use call    chrome.popChromeStyles  @ drawLaneStrip:488
  @use call    chrome.pushChromeStyles  @ drawLaneStrip:480
  @use call    cm:get  @ laneStripRows:274,275 curveEditorFrame:379 drawLaneStrip:478
  @use call    cm:set  @ drawLaneStrip:482,486
  @use call    cmgr:invoke  @ handleMouse:1087,1094
  @use call    cmgr:isPrefixActive  @ handleKeys:1128
  @use call    cmgr:noteChars  @ handleKeys:1142
  @use call    curveEditor:frame  @ curveEditorFrame:385
  @use call    groups.outlineKey  @ drawTracker:663
  @use call    groups.regionKey  @ drawTracker:629
  @use call    groups.tintKey  @ drawTracker:646,649
  @use call    painter.measureRotated  @ vname:311
  @use call    painter.new  @ printer:206 drawLaneStrip:429 drawTracker:529 drawCurveEditor:929
  @use call    tv:addLaneEvent  @ curveEditorFrame:409
  @use call    tv:cellWidth  @ renderNote:82 drawTracker:697
  @use call    tv:chordActive  @ handleKeys:1113,1120
  @use call    tv:chordBackspace  @ handleKeys:1120
  @use call    tv:chordCommit  @ handleKeys:1113
  @use call    tv:chordStrike  @ handleKeys:1147
  @use call    tv:cycleLaneShape  @ curveEditorFrame:412
  @use call    tv:deleteLaneEvent  @ curveEditorFrame:410
  @use call    tv:deletedCells  @ drawTracker:615
  @use call    tv:digitsActive  @ handleKeys:1114,1121
  @use call    tv:digitsBackspace  @ handleKeys:1121
  @use call    tv:digitsCommit  @ handleKeys:1114
  @use call    tv:digitsStrike  @ handleKeys:1148
  @use call    tv:eachInstance  @ drawTracker:612
  @use call    tv:ec  @ drawLaneStrip:463 drawTracker:515,605,606 drawCurveEditor:915 handleMouse:967 handleKeys:1123
  @use call    tv:editEvent  @ handleKeys:1132
  @use call    tv:endReselectCascades  @ handleMouse:1030,1039,1073
  @use call    tv:entrySignAt  @ drawTracker:739
  @use call    tv:ghostOverlay  @ drawTracker:609
  @use call    tv:isChannelEffectivelyMuted  @ drawTracker:752
  @use call    tv:isChannelMuted  @ drawTracker:547
  @use call    tv:isChannelSoloed  @ drawTracker:546
  @use call    tv:localMode  @ drawTracker:610
  @use call    tv:logPerRow  @ drawTracker:603
  @use call    tv:moveLaneEvent  @ curveEditorFrame:407,408
  @use call    tv:movePreview  @ drawTracker:607
  @use call    tv:noteDeviation  @ drawTracker:774
  @use call    tv:noteLabel  @ renderNote:97
  @use call    tv:octaveWidth  @ renderNote:83
  @use call    tv:paintRegionStream  @ handleMouse:990
  @use call    tv:paramBinding  @ drawTracker:555
  @use call    tv:ppqToRow  @ curveEditorFrame:390
  @use call    tv:reserveGhostReadout  @ computeLayout:356
  @use call    tv:rowBeatInfo  @ drawLaneStrip:443 drawTracker:580 drawCurveEditor:935
  @use call    tv:rowToPPQ  @ curveEditorFrame:409
  @use call    tv:sampleCurve  @ curveEditorFrame:395
  @use call    tv:scroll  @ computeLayout:344 drawLaneStrip:430 drawTracker:517 drawCurveEditor:925 handleMouse:969
  @use call    tv:setGridSize  @ computeLayout:352
  @use call    tv:setLaneTension  @ curveEditorFrame:411
  @use call    tv:stateOf  @ drawTracker:644
  @use call    tv:streamRefAt  @ drawTracker:633
  @use call    tv:toggleChannelMute  @ handleMouse:1006
  @use call    util.add  @ printer:241 curveEditorFrame:374 notePartHeaders:503 add:853
  @use call    util.instantiate  @ <load>:59
  @use call    util.round  @ curveEditorFrame:397 handleMouse:1084,1091
  @use require curveEditor  @ <load>:59
  @use require groups  @ <load>:11
  @use require imgui  @ <load>:17
  @use require painter  @ <load>:18
  @use require util  @ <load>:10

# Calls (intra-file)
  @call add  @ <load>:854,856,857,859,860,861,862,863,864
  @call cellAt  @ nearestStop:834 handleMouse:984,1001,1014,1049
  @call computeLayout  @ draw:880,882
  @call curveEditorFrame  @ drawLaneStrip:466 drawCurveEditor:953
  @call delayMarkerOffset  @ drawTracker:763
  @call drawLaneStrip  @ draw:881
  @call drawLocalScrim  @ drawTracker:788
  @call drawTracker  @ draw:883
  @call ensureCellSize  @ computeLayout:346 naturalWidth:895 heightForRows:904 cellHeight:908 cellWidth:909
  @call laneStripRows  @ computeLayout:349 drawLaneStrip:421 heightForRows:905
  @call layoutColumns  @ computeLayout:357
  @call nearestStop  @ handleMouse:986,1002,1015,1067
  @call notePartHeaders  @ drawTracker:564
  @call printer  @ drawTracker:524
  @call renderCell  @ drawTracker:725,728,730,812
  @call vname  @ drawTracker:557
  @call vnameGap  @ vname:306 drawTracker:558,559
  @call vnameSize  @ vname:311 drawTracker:558,565,568

# Bindings (by name)
  @bind renderCC  @ 179,180,181,182
  @bind renderFx  @ 183
  @bind renderNote  @ 177
  @bind renderPB  @ 178

# Unresolved receivers
  @drop draw:box  @ drawLocalScrim:281,282,283,284,285 drawTracker:586,638,647,649,801,810
  @drop draw:hLine  @ drawTracker:574,768
  @drop draw:smallGlyph  @ drawTracker:763
  @drop draw:text  @ drawTracker:532,592,759,814
  @drop draw:textCentred  @ drawTracker:549,562
  @drop draw:textCentredSmall  @ drawTracker:565,568,777
  @drop draw:textVertical  @ drawTracker:559
  @drop ec:extendTo  @ handleMouse:1040,1074
  @drop ec:hasSelection  @ drawTracker:791
  @drop ec:isInRegionMode  @ handleMouse:978,995 handleKeys:1145,1151
  @drop ec:isSticky  @ handleKeys:1146,1152
  @drop ec:pos  @ drawTracker:516 handleMouse:968 handleKeys:1130
  @drop ec:region  @ drawTracker:792
  @drop ec:regionCursor  @ handleMouse:977
  @drop ec:regionExit  @ handleKeys:1145,1151
  @drop ec:selClear  @ handleMouse:1042 handleKeys:1146,1152
  @drop ec:selectChannel  @ handleMouse:1031
  @drop ec:selectColumn  @ handleMouse:1032
  @drop ec:selectionStopSpan  @ drawTracker:797,798
  @drop ec:setPos  @ handleMouse:1043
  @drop gridPainter.fromScreen  @ cellAt:826
  @drop label:sub  @ vname:302,310
  @drop p.border  @ drawTracker:665
  @drop p.fill  @ printer:266 drawLaneStrip:446 drawCurveEditor:937
  @drop p.measure  @ printer:221,251
  @drop p.segment  @ printer:257,262 drawLaneStrip:448 drawCurveEditor:940
  @drop p.stroke  @ drawLaneStrip:472 drawCurveEditor:955
  @drop p.text  @ printer:214,234,243,253
  @drop p.textUp  @ drawTracker:558
  @drop screenPainter.pathArcTo  @ drawTracker:686,689
  @drop screenPainter.pathClear  @ drawTracker:685,691
  @drop screenPainter.pathLineTo  @ drawTracker:687,688
  @drop screenPainter.pathStroke  @ drawTracker:690
  @drop text:gmatch  @ drawTracker:756
  @drop text:sub  @ drawTracker:813
  @drop txt:gmatch  @ printer:213,241

# REAPER API surface
  @reaper ImGui_GetBuiltinPath
  @reaper MB

# Fields (r read / w write incl. constructor keys)
  @field r ImGui_GetBuiltinPath  @ 13
  @field r Key_0  @ 856
  @field r Key_A  @ 854
  @field r Key_Apostrophe  @ 864
  @field r Key_Backspace  @ handleKeys:1119
  @field r Key_Comma  @ 861
  @field r Key_Keypad0  @ 857
  @field r Key_KeypadSubtract  @ 860
  @field r Key_Minus  @ 859
  @field r Key_Period  @ 862
  @field r Key_Semicolon  @ 863
  @field r Mod_Alt  @ handleMouse:981 handleKeys:1127
  @field r Mod_None  @ handleKeys:1128
  @field r Mod_Shift  @ handleMouse:980,1036 handleKeys:1112,1126,1127
  @field r anchor  @ drawTracker:622,623,624
  @field w anchor  @ curveEditorFrame:403
  @field w anchorActive  @ curveEditorFrame:404
  @field w at  @ 181,363
  @field w axis  @ curveEditorFrame:401
  @field r bypass  @ renderFx:171
  @field w callbacks  @ curveEditorFrame:406
  @field r cc  @ drawTracker:555,568
  @field w cc  @ 179,363
  @field w cellH  @ geom:889
  @field r cells  @ drawTracker:640,703,711,811 handleKeys:1132
  @field r chan  @ drawTracker:622
  @field r chanDelta  @ drawTracker:622
  @field r char  @ handleKeys:1142,1143,1147,1148,1154
  @field w char  @ add:853
  @field r charpattern  @ printer:213,241 drawTracker:756
  @field r chordEntry  @ 21
  @field r chrome  @ 21
  @field w chrome  @ 59
  @field r cm  @ 21
  @field r cmgr  @ 21
  @field r col  @ drawTracker:616,617
  @field r colour  @ drawTracker:629,664
  @field w colours  @ curveEditorFrame:400
  @field r cols  @ computeLayout:357 drawLaneStrip:464 drawTracker:536,552,631,640,677,701,710,796
  @field r cols  @ drawTracker:805 nearestStop:836 naturalWidth:896 drawCurveEditor:916 handleMouse:1004,1019,1051,1057,1062,1063,1064
  @field r cols  @ handleKeys:1131
  @field r commandHeld  @ handleKeys:1124
  @field r ctx  @ 57
  @field w ctx  @ 59
  @field r delay  @ renderNote:133,136
  @field w delay  @ 495
  @field r delayC  @ renderNote:133
  @field r delta  @ drawTracker:621,707,711
  @field r destSrc  @ drawTracker:639,706
  @field r digit  @ handleKeys:1144
  @field w digit  @ add:853
  @field w dragId  @ curveEditorFrame:399
  @field r dur  @ drawTracker:625
  @field r endRow  @ drawTracker:680,682 drawCurveEditor:924
  @field w envelope  @ curveEditorFrame:402
  @field r evType  @ renderNote:96,109 drawTracker:773
  @field w evalCurve  @ curveEditorFrame:393
  @field r events  @ curveEditorFrame:373
  @field w events  @ curveEditorFrame:389
  @field r evt  @ drawTracker:680
  @field r font  @ 57
  @field r fontSize  @ printer:225 vnameSize:292 vname:312 ensureCellSize:331 drawTracker:559 draw:879
  @field r fx  @ drawTracker:767
  @field w fx  @ 183
  @field r ghosts  @ drawTracker:720
  @field r glyph  @ renderFx:171
  @field r grid  @ printer:225 ensureCellSize:331 computeLayout:343 drawLaneStrip:431,464 drawTracker:514 nearestStop:833 draw:879 naturalWidth:896 drawCurveEditor:916,924 handleMouse:966
  @field r grid  @ handleKeys:1131
  @field r groupId  @ drawTracker:615,619,659 handleMouse:990
  @field r gui  @ 21
  @field r h  @ drawCurveEditor:921
  @field w h  @ drawLaneStrip:467 drawCurveEditor:954
  @field w height  @ geom:889
  @field r hidden  @ renderPB:151 curveEditorFrame:374 drawTracker:680,716
  @field w hidden  @ 511
  @field w hovered  @ curveEditorFrame:398
  @field r huge  @ nearestStop:835
  @field r inputAllowed  @ 21
  @field r instId  @ drawTracker:615,620,660 handleMouse:990
  @field r key  @ handleKeys:1135,1136,1137,1138,1153
  @field w key  @ add:853
  @field r label  @ drawTracker:557,562,565
  @field w label  @ notePartHeaders:504
  @field r laneDelta  @ drawTracker:623
  @field r midiChan  @ layoutColumns:49 curveEditorFrame:371 drawTracker:538,540,555,752 handleMouse:1006,1031
  @field w note  @ 177
  @field r notes  @ drawTracker:721
  @field w notes  @ 511
  @field r numRows  @ drawLaneStrip:431 drawTracker:523 drawCurveEditor:924
  @field r offGrid  @ drawTracker:733
  @field w onCycleShape  @ curveEditorFrame:412
  @field w onDelete  @ curveEditorFrame:410
  @field w onInsert  @ curveEditorFrame:409
  @field w onMove  @ curveEditorFrame:407
  @field w onMoveFree  @ curveEditorFrame:408
  @field w onTension  @ curveEditorFrame:411
  @field w originX  @ geom:889
  @field w originY  @ geom:889
  @field r overflow  @ drawTracker:731
  @field w ox  @ printer:206
  @field w oy  @ printer:206
  @field w pa  @ 180
  @field w page  @ 59
  @field r partAt  @ notePartHeaders:498
  @field r path  @ 16
  @field w path  @ 16
  @field w pb  @ 178,363
  @field w pc  @ 182
  @field r pi  @ drawTracker:686,689
  @field r pitch  @ renderNote:104
  @field w pitch  @ 495
  @field r ppq  @ curveEditorFrame:390,394 drawTracker:624
  @field r rect  @ drawTracker:613
  @field w rect  @ curveEditorFrame:386
  @field r row  @ drawTracker:617
  @field r sample  @ renderNote:112
  @field w sample  @ 495
  @field r sampleShadowed  @ renderNote:118
  @field r showCents  @ renderNote:87 delayMarkerOffset:194 drawTracker:773
  @field r showDelay  @ renderNote:80 drawTracker:762
  @field w snap  @ printer:206 curveEditorFrame:397
  @field r srcHi  @ drawTracker:708,712
  @field r srcLo  @ drawTracker:707,708,712
  @field r srcMember  @ drawTracker:712
  @field r stack  @ renderFx:170
  @field r startRow  @ drawTracker:680,681
  @field r stopPos  @ notePartHeaders:498 drawTracker:799,800,807 nearestStop:838 handleMouse:1057,1062,1064
  @field r streams  @ drawTracker:634
  @field w sx  @ printer:206
  @field w sy  @ printer:206
  @field w tMax  @ curveEditorFrame:388
  @field w tMin  @ curveEditorFrame:388
  @field w tOf  @ curveEditorFrame:390
  @field r tails  @ renderFx:169 drawTracker:678,679
  @field r trackerMode  @ renderNote:81 delayMarkerOffset:194
  @field r tv  @ 21
  @field r type  @ renderCell:187 curveEditorFrame:378 drawLaneStrip:465 drawTracker:537,555,563,567,767 drawCurveEditor:918
  @field r ui  @ vnameSize:292 vname:312 drawTracker:559
  @field r uiFont  @ 57
  @field r uuid  @ drawTracker:644
  @field w vMax  @ curveEditorFrame:387
  @field w vMin  @ curveEditorFrame:387
  @field r val  @ renderPB:151,152,153 renderCC:159,160,161 drawTracker:725
  @field w val  @ drawTracker:725
  @field r values  @ drawTracker:720
  @field w values  @ 511
  @field r vel  @ renderNote:111
  @field w vel  @ 495
  @field r w  @ drawCurveEditor:921
  @field w w  @ drawLaneStrip:467 drawCurveEditor:954
  @field r width  @ layoutColumns:47,51,52 drawTracker:539,540,554,635 naturalWidth:897 handleMouse:1005,1020,1051
  @field r x  @ notePartHeaders:504 drawTracker:537,539,540,553,554,558,559,562,568
  @field r x  @ drawTracker:632,635,678,683,702,755,763,768,777
  @field r x  @ drawTracker:799,800,806,808 nearestStop:837,839 handleMouse:1005,1020,1051
  @field w x  @ layoutColumns:42,48
  @field r x0  @ drawCurveEditor:920
  @field w x0  @ printer:266 drawLaneStrip:446,467,472 drawTracker:665 drawCurveEditor:937,954,955
  @field w x1  @ printer:266 drawLaneStrip:446,472 drawTracker:665 drawCurveEditor:937,955
  @field r xHi  @ drawLocalScrim:285 drawTracker:549,565
  @field w xHi  @ notePartHeaders:504 drawTracker:539,540,668
  @field r xLo  @ drawLocalScrim:284 drawTracker:549,565
  @field w xLo  @ notePartHeaders:504 drawTracker:540,668
  @field w y0  @ printer:266 drawLaneStrip:446,472 drawTracker:665 drawCurveEditor:937,955
  @field w y1  @ printer:266 drawLaneStrip:446,472 drawTracker:665 drawCurveEditor:937,955
  @field r yHi  @ drawLocalScrim:283,284,285
  @field w yHi  @ drawTracker:668
  @field r yLo  @ drawLocalScrim:282,284,285
  @field w yLo  @ drawTracker:668
  @field r yTop  @ drawCurveEditor:920
  @field w yTop  @ drawLaneStrip:467 drawCurveEditor:954
