@module groupManager  src=groupManager.lua  loc=857  sha=37ed80d  mode=chunk  self=gm
@deps tm, ds

# Invariants & contracts
  @contract  rehydrate on a groups invalidate (undo rewind); own assign echoes lack it, ignored  @ 616

# Shapes
  @shape  group = { rect, events = { [vuid]=groupEvt }, nextVuid, instances = { [instId]=instance } }  @ 3
  @shape  instance = { anchor = { ppq, chan, [laneDelta] }, assigns, adds, deletes }  -- pure data, persisted verbatim  @ 4
  @shape  proj[groupId][instId][vuid] = { uuid, groupEvt=clone, evt=liveEvt }  -- module-level, runtime; only `uuid` serialised, persisted as `uuids[groupId][instId][vuid]`  @ 5
  @shape  persisted groups = { groups = groups, uuids = { [groupId]={ [instId]={ [vuid]=uuid } } } }  @ 6

# Imports
  @require util = 'util'  @ 10
      @invariant  localMode is a single global UI flag; off (default), edits propagate to every sibling  @ 7
      @invariant  a staged edit matches its vuid by evt-table identity, else falls to the rect predicate  @ 8
  @require groupsCore = 'groups'  @ 11
  @require perf = 'perf'  @ 12

# Private state
  @state tm, ds = deps.tm, deps.ds  @ 15
  @state DERIVED = {  @ 19
  @state gm = {}  @ 25
  @state blob = ds:get('groups') or {}  @ 29
  @state groups = blob.groups or {}  @ 30
  @state localMode = false  @ 31
  @state nextGroupId = 1  @ 32
  @state activeGroup = nil  @ 36
  @state proj = {}  @ 40
  @state locByUuid = {}  @ 41   -- concrete uuid -> { groupId, instId, vuid }
  @state pendingReproject = {}  @ 44

# Private functions
  -- State
  @fn projOf(groupId, instId)  @ 46-52
  @fn link(groupId, instId, vuid, p, uuid, groupEvt, evt)  @ 70-75
      -- Every projected write goes through link/unlink so the reverse lookups
      -- stay in step.
  @fn unlink(p, vuid)  @ 77-82
  @fn currentOf(p)  @ 85-91
      -- reconcile() wants current[vuid] = { uuid, groupEvt }.
  -- Anchor maths: four pure duals (group <-> instance)
  @fn keyOf(evt)  @ 95-99
  @fn copyScalars(src, dst)  @ 104-107
      --           every src field except DERIVED is carried, so mm's
      --           arbitrary per-event metadata (rpb included) survives.
      @invariant  payload crossing the group<->instance frame is opt-OUT --  @ 101
  @fn toGroup(evt, anchor)  @ 112-125
      -- Group dur is the note's INTENT ceiling span (endppq - onset), never the realised end tm
      -- re-derives every rebuild -- see docs/groupManager.md § Intent in, realisation out.
      @invariant  pb group-frame val is INTENT; toGroup reads evt.cents, not realised val  @ 111
  @fn toInstance(g, anchor)  @ 129-144
      -- A nil group dur is an open note (author endppq = util.OPEN); a finite dur is the intent
      -- ceiling (author endppq = onset + dur); tm stamps endppqL and regrows the tail on a blocker delete, never merely clips.
  @fn onTake(e)  @ 148-150
      -- Off-take concretes withheld: writing one pushes REAPER's EOT and grows the take.
      -- Group retains the member; concrete revives once an instance brings it on-take.
  @fn updToGroup(update, anchor, groupEvt)  @ 154-169
      -- Instance-frame partial update -> group-frame partial update; groupEvt is the event's
      -- current group entry (ceiling<->dur reference) -- see docs/groupManager.md § Intent in, realisation out.
  @fn updToInstance(update, anchor, groupEvt)  @ 173-193
      -- Exact inverse of updToGroup: dur removed, or a move of an already-open note, authors
      -- endppq=util.OPEN; else authors the intent ceiling on endppq -- tm stamps endppqL and derives the raw tail.
  @fn diffGroup(oldG, newG)  @ 196-205
      -- Neutral field diff between two group events (feeds updToInstance).
  -- Persistence
  @fn persist()  @ 209-221
  @fn rehydrate()  @ 225-247
      -- Construction-time cm read runs before any take binds, so it is empty; live data arrives
      -- only on the take-changed rebuild -- without rehydrate, restored groups are inert and nextGroupId clobbers on the next markGroup.
  -- Helpers
  @fn freshInstance(anchor)  @ 251-253
  @fn nextKey(map)  @ 255-259
  @fn sameSlot(a, b)  @ 263-266
      -- Two group-frame events occupy the same region slot: same onset, same channel offset, same
      -- stream -- the identity the override-transition helpers (revive, sibling absorb) match on.
  @fn revivableVuid(group, instance, evt)  @ 270-276
      -- A global-mode create on a slot this instance locally deleted: revives the shadowed group
      -- event in place instead of allocating a coincident vuid -- see docs/groupManager.md § localMode.
  @fn absorbSiblingOverrides(group, vuid, actingInstId, created)  @ 280-306
      -- A global-mode create/delete flips whether a shared event exists at a slot; a sibling's
      -- own override there is re-expressed across the flip -- see docs/groupManager.md § Override transitions.
  @fn classifyCreate(evt)  @ 310-321
      -- Positional lookup: does evt fall inside some instance's region, on a
      -- stream the region already selects? inRect enforces the gate.
  @fn rectCells(rect, anchor)  @ 326-337
      -- Overlapping mirror groups have no defined semantics (classifyCreate takes pairs()'s first
      -- match); regions are kept disjoint instead -- see docs/groupManager.md § Regions are disjoint.
  @fn spansOverlap(aPpq, aDur, bPpq, bDur)  @ 339-341
  @fn regionConflict(rect, anchor, exclude)  @ 345-364
      -- groupId of an existing group an instance of `rect` at `anchor` would collide with --
      -- shared time span AND a shared (channel, streamId) cell -- or nil.
  -- Active group (dupeClip-idiom selector; the command layer owns the
  -- clear-on-other-command lifetime, gm only the pointer)
  -- SEAM
  @fn reproject(groupId)  @ 528-555
  @fn localAmend(instance, vuid, group, update)  @ 560-571
      -- Local edit of an existing override, shared by localMode and the on-ov-in-global path;
      -- never touches group.events, so no sibling sees it -- see docs/groupManager.md § Override transitions.

# Public API (gm:*)
  @api gm:markGroup(events, rect)  @ 369-388
      @contract  seeds a group from events+rect; anchor = region origin; nil,reason on collision.  @ 368
  @api gm:newInstance(groupId, anchor)  @ 392-416
      -- Caller (clipboard) has bounds-checked and cleared the target region; off-take withheld, see onTake.
      @contract  validates projection (chan 1..16); returns instId or nil,reason on invalid/collision.  @ 391
  @api gm:activeGroup()  @ 421
  @api gm:clearActive()  @ 422
  @api gm:groupRect(groupId)  @ 426-429
      -- The group's projection rect, for the caller's pre-stage clear of the
      -- destination zone (gm:newInstance contract). nil if the group is gone.
  @api gm:mark(events, rect)  @ 433-438
      --          group becomes active.
      @contract  case 1 -- seed a group from the selection, no copy. The new  @ 431
  @api gm:stamp(events, rect, anchor)  @ 443-451
      --          instId). No active -> case 2, seed the group AND its first copy
      --          (returns groupId, instId); the group becomes active.
      @contract  active live -> case 3, drop one more copy at `anchor` (returns  @ 440
  @api gm:duplicateInto(groupId, events, rect, anchor)  @ 454-462
      @contract  explicit-group duplicate for the cascade -- see docs/groupManager.md § duplicateInto.  @ 453
  @api gm:setLocalMode(on)  @ 464
  @api gm:localMode()  @ 465
  @api gm:stateOf(uuid)  @ 467-473
  @api gm:instanceOf(evt)  @ 476
      @contract  (evt) -> groupId, instId of the instance covering evt's cell, or nil (localMode guard)  @ 475
  @api gm:eachInstance()  @ 480-491
      -- Read accessor for the render pass: every live instance with the group rect it projects,
      -- its anchor, and whether its group is active; rect/anchor are by reference (render reads, never mutates).
  @api gm:deletedCells(groupId, instId)  @ 496-506
      -- Tagged with vuid so revertDelete can lift each override. A dropped group event
      -- (group is authority) leaves a moot delete -- skipped.
      @contract  (groupId, instId) -> { { vuid, evt } }; evt = toInstance projection of an empty cell  @ 495
  @api gm:footprintAliases(cells)  @ 511-524
      -- Precise per-cell injectivity test for propagating block ops (decision 3): two cells
      -- on one group slot => non-injective; disjoint slots stay legal. see docs/groupManager.md § Block-shift injectivity.
      @contract  (cells) -> bool. cells carry { ppq, chan, evType, lane?/cc? }.  @ 510
  -- INSTANCE / GROUP LIFECYCLE
  @api gm:deleteInstance(groupId, instId)  @ 626-646
      -- Cascades: dropping the group's last instance also drops the group,
      -- clearing activeGroup if it pointed here (else it would dangle).
      @contract  (groupId, instId) -> true | nil,reason. Unknown id -> nil,reason.  @ 625
  @api gm:moveInstance(groupId, instId, anchor)  @ 651-690
      -- Re-anchor directly (reproject can't see anchor-invariant moves; see docs/groupManager.md
      -- § Instance lifecycle). onTake withholds off-take members and revives on return (bottom only).
      @contract  (groupId, instId, anchor) -> true | nil,reason. Caller cleared dest + clamped top.  @ 650
  @api gm:addEvent(evt)  @ 695-718
      -- Positional create (the add half of a facade move): classifyCreate finds the covering
      -- region; global adopts into the shared pattern (all instances gain it), localMode keeps a per-instance add.
      @contract  (evt) -> true | nil,'not in a region'. Defers to reproject; never links clone.  @ 694
  @api gm:deleteEvent(uuid)  @ 723-744
      -- Delete a member: drop the shared event (synced), peel an override back to
      -- synced, or hide locally. See docs/groupManager.md § Override transitions.
      @contract  (uuid) -> true | nil,reason  @ 722
  @api gm:revertDelete(groupId, instId, vuid)  @ 749-756
      -- The group event was never removed (only shadowed), so reproject revives the synced concrete.
      -- delete-ov + delete -> revert to synced; see docs/groupManager.md.
      @contract  (groupId, instId, vuid) -> true | nil,reason  @ 748
  @api gm:assignEvent(uuid, update)  @ 761-795
      -- Value edit of a member (assign half of the facade): localMode or an existing override
      -- => sticky localAmend, else edit the shared pattern. Consumes tv's AUTHORED update (updToGroup).
      @contract  (uuid, update) -> true | nil,'not a member'. Defers to reproject (pendingReproject).  @ 760
  @api gm:resizeGroup(groupId, instId, edits)  @ 800-855
      -- Resizes the SHARED rect from edge instance `instId`'s drag (Model A re-origin); a member
      -- the new rect drops leaves the group, `gained` folds in at instId's anchor -- see docs/groupManager.md § Instance lifecycle & region resize.
      @contract  (groupId, instId, {startDelta?,endDelta?,streams?,gained?}) -> true|nil,reason.  @ 799

# Uses (outbound edges)
  @use call    ds:assign  @ persist:220
  @use call    ds:get  @ 29 rehydrate:226
  @use call    groupsCore.deriveAssign  @ absorbSiblingOverrides:292 localAmend:565
  @use call    groupsCore.inRect  @ classifyCreate:313 resizeGroup:831
  @use call    groupsCore.laneId  @ footprintAliases:517
  @use call    groupsCore.project  @ rehydrate:236 newInstance:406 stateOf:471 reproject:531 moveInstance:665
  @use call    groupsCore.reconcile  @ reproject:533
  @use call    groupsCore.resolve  @ absorbSiblingOverrides:301
  @use call    groupsCore.shiftStream  @ rectCells:333 regionConflict:357
  @use call    groupsCore.streamId  @ sameSlot:265
  @use call    perf.start  @ 603
  @use call    perf.stop  @ 613
  @use call    tm:addEvent  @ newInstance:410 reproject:540 moveInstance:678
  @use call    tm:assignEvent  @ reproject:545 moveInstance:672
  @use call    tm:byUuid  @ rehydrate:239 608
  @use call    tm:deleteEvent  @ reproject:550 deleteInstance:633 moveInstance:676,682
  @use call    tm:length  @ onTake:149
  @use call    tm:requestRebuild  @ 583 deleteInstance:644 moveInstance:688 resizeGroup:853
  @use call    util.assign  @ localAmend:569 assignEvent:774,791
  @use call    util.clone  @ rehydrate:242 markGroup:382 newInstance:411 reproject:542,548 moveInstance:679 assignEvent:773 resizeGroup:848
  @use require groups  @ 11
  @use require perf  @ 12
  @use require util  @ 10
  @use sub     ds:dataChanged  @ 617
  @use sub     tm:postflush  @ 586
  @use sub     tm:preflush  @ 575
  @use sub     tm:rebuild  @ 601

# Fields (r read / w write incl. constructor keys)
  @field r OPEN  @ toGroup:117 toInstance:136 updToGroup:162 updToInstance:186
  @field r REMOVE  @ updToGroup:163 updToInstance:182 diffGroup:202
  @field w active  @ eachInstance:487
  @field r adds  @ rehydrate:240 absorbSiblingOverrides:286,295,301 localAmend:568 addEvent:711 deleteEvent:730,732,733 assignEvent:784
  @field w adds  @ freshInstance:252
  @field r anchor  @ revivableVuid:271 classifyCreate:314,315 regionConflict:352,354,357 eachInstance:485 deletedCells:503 footprintAliases:516 reproject:538,547 localAmend:564
  @field r anchor  @ localAmend:569 addEvent:709 assignEvent:791 resizeGroup:819,826,843
  @field w anchor  @ freshInstance:252 eachInstance:485 moveInstance:686
  @field r assigns  @ absorbSiblingOverrides:288,298,301,302 localAmend:563,565 deleteEvent:734,737 assignEvent:785
  @field w assigns  @ freshInstance:252
  @field r cc  @ keyOf:97 updToGroup:161
  @field w cc  @ 20 toInstance:141 updToInstance:178
  @field r cents  @ toGroup:123
  @field w cents  @ toGroup:123
  @field r chan  @ toGroup:114 toInstance:131 updToGroup:159 updToInstance:176 classifyCreate:315 rectCells:329 regionConflict:354 newInstance:396
  @field r chan  @ newInstance:396 moveInstance:658,673 assignEvent:770 resizeGroup:819
  @field w chan  @ 20 toInstance:131 updToInstance:176 markGroup:370,375 moveInstance:673 resizeGroup:819
  @field r chanDelta  @ toInstance:131 updToInstance:176 sameSlot:264 resizeGroup:831
  @field w chanDelta  @ 20 toGroup:114 updToGroup:159
  @field r chanLo  @ markGroup:370,375 resizeGroup:813
  @field w chanLo  @ resizeGroup:813
  @field w colour  @ eachInstance:486
  @field r deletes  @ revivableVuid:272 absorbSiblingOverrides:287,298 deletedCells:501 addEvent:703 deleteEvent:731,738 revertDelete:752,753 assignEvent:786
  @field w deletes  @ freshInstance:252
  @field w derived  @ 22
  @field r ds  @ 15
  @field r dur  @ toInstance:135,138 updToInstance:182,183,187,188 regionConflict:351,352 resizeGroup:809
  @field w dur  @ 21 toGroup:119 updToGroup:163,166 resizeGroup:812
  @field r endDelta  @ resizeGroup:808
  @field r endppq  @ toGroup:117,118,119 updToGroup:162,164,166 moveInstance:673
  @field w endppq  @ 21 toInstance:136,138 updToInstance:186,189 moveInstance:673
  @field r evType  @ keyOf:96,97 toGroup:113,117,123 toInstance:130,133,140 updToInstance:178,180 classifyCreate:316
  @field w evType  @ 20 toGroup:113 toInstance:130 classifyCreate:316
  @field r events  @ revivableVuid:273 absorbSiblingOverrides:281 newInstance:394 deletedCells:502 localAmend:561 moveInstance:656 addEvent:713 deleteEvent:740 assignEvent:790 resizeGroup:829,836,846
  @field w events  @ markGroup:385
  @field r evt  @ reproject:545,550 590,591,607 deleteInstance:633 moveInstance:670
  @field r evt  @ moveInstance:670,672,675,676,681,682 assignEvent:772,773
  @field w evt  @ link:71 deletedCells:503 609
  @field r gained  @ resizeGroup:842
  @field r groupEvt  @ currentOf:88 reproject:538,542,546,547,548 591
  @field w groupEvt  @ link:71 currentOf:88 reproject:548
  @field r groupId  @ regionConflict:349 stateOf:470 deleteEvent:726 assignEvent:764,771,776,793
  @field w groupId  @ 63 link:73 eachInstance:484 moveInstance:660 resizeGroup:820
  @field r groups  @ 30 rehydrate:227
  @field w groups  @ persist:220
  @field w hidden  @ 22
  @field r instId  @ regionConflict:350 stateOf:471 deleteEvent:726 assignEvent:765,771,776
  @field w instId  @ 63 link:73 eachInstance:484 moveInstance:660 resizeGroup:820
  @field r instances  @ rehydrate:235 absorbSiblingOverrides:283 classifyCreate:312 regionConflict:348 newInstance:402,404 stateOf:471 eachInstance:483 deletedCells:498 footprintAliases:516 reproject:530 deleteInstance:629
  @field r instances  @ deleteInstance:638,639 moveInstance:654 addEvent:699 deleteEvent:728 revertDelete:751 assignEvent:765 resizeGroup:803,818,825,837
  @field w instances  @ markGroup:386
  @field r invalidate  @ 618
  @field r key  @ toInstance:134,141 updToInstance:177,178
  @field w key  @ 20 toGroup:115 updToGroup:160,161 classifyCreate:316
  @field r lane  @ keyOf:96 updToGroup:160 moveInstance:670 assignEvent:770
  @field w lane  @ 20 toInstance:134 updToInstance:178
  @field r laneDelta  @ toInstance:134 rectCells:333 regionConflict:357
  @field w loc  @ 22 assignEvent:773
  @field r name  @ 618
  @field r nextVuid  @ absorbSiblingOverrides:299 addEvent:705 resizeGroup:844
  @field w nextVuid  @ absorbSiblingOverrides:300 markGroup:385 addEvent:706 resizeGroup:845
  @field r op  @ reproject:535,544,549
  @field r ppq  @ toGroup:116,119 toInstance:132,138 onTake:149 updToGroup:158,165
  @field r ppq  @ updToGroup:165 updToInstance:175,181,184,187,189 sameSlot:264
  @field r ppq  @ classifyCreate:314 regionConflict:351,352 markGroup:370,375 footprintAliases:517 moveInstance:673 assignEvent:770 resizeGroup:811,819,826
  @field r ppq  @ resizeGroup:830,831
  @field w ppq  @ 21 toGroup:116 toInstance:132 updToGroup:158 updToInstance:175 markGroup:370,375 moveInstance:673 resizeGroup:811,819,826,830
  @field w realised  @ assignEvent:773
  @field r rect  @ classifyCreate:313 regionConflict:352,353 newInstance:398 groupRect:428 eachInstance:485 moveInstance:660 resizeGroup:806
  @field w rect  @ markGroup:385 eachInstance:485 resizeGroup:841
  @field w sampleShadowed  @ 22
  @field r startDelta  @ resizeGroup:807
  @field r streams  @ rectCells:328 regionConflict:353 resizeGroup:814
  @field w streams  @ resizeGroup:814
  @field r tm  @ 15
  @field r uuid  @ unlink:80 currentOf:88 persist:215 markGroup:382 reproject:542 590,591,607 deleteInstance:634
  @field r uuid  @ deleteInstance:634 resizeGroup:848
  @field w uuid  @ 22,62 link:71 currentOf:88 assignEvent:773
  @field r uuids  @ 58 rehydrate:231
  @field w uuids  @ persist:220
  @field r val  @ toGroup:123
  @field r vuid  @ stateOf:472 reproject:534,541,551 deleteEvent:726 assignEvent:766
  @field w vuid  @ 63 link:73 deletedCells:503
