@module swingEditor  src=swingEditor.lua  loc=672  sha=0067830  mode=chunk
@deps tv, cm, chrome, ctx, am

# Invariants & contracts
  @invariant  editor owns no swing data; composite resolves via cm:get('swings', {mergeTiers=true})[name] (defaults ∪ global ∪ project) and is read fresh each frame via swingRead
  @invariant  all writes route through swingWrite (idempotent → tv:setSwingComposite); commit() drives cross-take reswing on widget release
  @invariant  state == nil iff editor is closed; open() is a no-op when already open; Esc / close-button clears state
  @invariant  snapshot is captured at open() (and on swing-switch via the library picker) and never mutated; Reset writes a deepClone of it
  @invariant  shift is in QN and atom-independent — preserved across atom swap, only re-clamped to the new atom's cap
  @invariant  on period change shift scales by newPeriod/oldPeriod, holding resolved s = shift/tileQN (and thus slope) constant; then re-clamped
  @invariant  slider lo/hi = T_tile · {-negRange, +posRange} (asymmetric for shuffle/tilt); Wild unlocks hard, otherwise clamped to ±SWING_SOFT_QN; hi <= 0 freezes the slider
  @invariant  atom-combo speaks tile-QN (user-period × pulsesPerCycle); writes divide back via periodOverPPC so storage stays user-period
  @contract  no-op when already open. Default selection prefers the cursor

# Shapes
  @shape  state = { name, snapshot, rpb, wild, create? = { buf, err?, gen?, refocus? } }  -- composite is NOT cached here; create is the New-swing modal substate (gen bumps to re-seed the InputText after we clear buf on error)
  @shape  PeriodPreset = { label = string, period = number|{num,den} }  -- period in user-facing QN

# Imports
  @require util = 'util'  @ 14
  @require timing = 'timing'  @ 15
  @require ImGui = 'imgui'  @ 21

# Private state
  @state SWING_ATOMS = { 'id',  @ 23
  @state SWING_ATOMS_Z = table.concat(SWING_ATOMS, '\0') .. '\0\0'  @ 25
  @state RPB_CHOICES = { 1, 2, 3, 4, 6, 8, 12, 16 }  @ 27
  @state PERIOD_PRESETS = {  @ 31
  @state SWING_ERR = 0xff6060ff  @ 40
  @state SWING_MARK = 0x000000b0  @ 41
  @state SWING_SOFT_QN = 0.15  @ 42
  @state state = nil  @ 46
  @state self = {}  @ 645

# Private functions
  @fn commit()  @ 49
      -- Fired on widget release so the project-wide pass runs once per gesture, not per frame.
  @fn meterQN()  @ 53
  @fn periodPresetIndex(tileQN)  @ 60
      @contract  returns 0 (not nil) when tileQN matches no preset; callers append a synthetic label in that case
  @fn periodLabel(tileQN)  @ 67
  @fn periodOverPPC(period, ppC)  @ 75
      -- Preset .period is already a tidy rational; halving it for ppC=2 keeps
      -- it tidy ({n,d} → {n,2d}; integer → {n,2}).
  @fn shiftCap(factor, wild)  @ 85
      -- id has range = ∞ (slope is always 1; the K-bound never bites). Cap at
      -- one tile per side so Wild gives a finite slider; the boundary clip
      -- absorbs any overhang at the take edges. shuffle and tilt are
      -- asymmetric (positive and negative shifts hit different K-bound walls).
  @fn materialise(composite)  @ 100
      -- QN-space preview uses ppqPerQN=1 so the editor draws against
      -- normalised QN units rather than the take's PPQ resolution.
  @fn drawSwingGrid(composite, periodQN, rpb, w, h, shadeMeter)  @ 102
  @fn swingRead()  @ 171
  @fn readFactors(composite)  @ 177
      -- Tolerant accessor: bare {} and {factors={}} both mean identity. Read-only;
      -- write paths deepClone, then mutate factors[].
  @fn phaseQN(p)  @ 182
      -- QN value of an optional period-shaped slot (scalar, {n,d}, or nil).
  @fn compositesEqual(a, b)  @ 185
      @contract  compares composite phase, per-factor phase, period, atom and shift — phase fields normalise to QN before comparing, so {1,2} and {2,4} count equal
  @fn swingWrite(composite)  @ 202
      @contract  sole write path; idempotent on equal composites; the active-take refresh happens via tv:setSwingComposite's configChanged broadcast (granular per-channel stale-mark + tm:rebuild)
  @fn cloneForEdit()  @ 209
      -- Editable clone with a guaranteed factors[] array, so write paths can
      -- index it without re-checking. Phase is preserved as-is.
  @fn patchFactor(i, patch)  @ 215
  @fn addFactor()  @ 223
      @contract  default new factor is identity (atom='id', shift=0, period=1) — visually inert until edited
  @fn removeFactor(i)  @ 229
  @fn moveFactor(i, dir)  @ 235
  @fn drawFactorRow(i, f, availW)  @ 245
  -- Tier-aware library writes
  @fn projectSwings()  @ 347
  @fn globalSwings()  @ 348
  @fn saveGlobal(name)  @ 351
      @contract  copies the currently-edited composite into the global tier (defaults are immutable; project copy survives untouched, still shadowing it)
  @fn deleteFromTier(level, name)  @ 358
  @fn switchTo(name)  @ 367
      -- Switch the edited swing without closing the editor. Re-captures the
      -- snapshot so Reset/dirty-check stay coherent.
  @fn resolvedSlots()  @ 376
      -- Resolved take and channel slots for the open-default and the
      -- library-row shortcut buttons. 'identity' at the take tier is treated
      -- as no-slot (matches open()'s bail); at the channel tier nil means
      -- 'no override, fall through to take'.
  @fn drawLibraryRow(closeOnClick, rowW)  @ 388
      -- Library row sits above the edit/create body. Picker + name input flow
      -- coexist: the picker offers existing swings (including the implicit
      -- "Off" → enter create mode); +New is just an alias for picking Off and
      -- focusing the name field.
  @fn drawCreateModal()  @ 467
      -- '+ New' modal. Lives at draw() top-level so the popup isn't bound to a
      -- child window's lifetime; the editor body greys out behind it via the
      -- disabled wrap in drawEditBody.
  @fn drawEditBody(composite, n)  @ 522
  @fn draw(w, h)  @ 615
      -- Body-region draw. Caller (trackerPage) hands us its body rect via
      -- renderBody; we run inside a child window so the chrome palette
      -- (editor.bg + toolbar button/text colours + separator tint) takes
      -- the place of the tracker grid's background. Mirrors the styling
      -- that pushChromeWindow gave the editor in its old floating-window
      -- form, swapping Col_WindowBg for Col_ChildBg.

# Public API (self:*)
  -- Public
  @api self:open()  @ 652
      --           channel's swing override, falls back to the take's swing, and
      --           is nil when neither resolves (body greys out; user can '+' or
      --           use the Take/Chan shortcut buttons). snapshot is the current cm
      --           composite at open time, used for Reset and dirty-check.
  @api self:render(w, h)  @ 664
  @api self:close()  @ 666
  @api self:isOpen()  @ 668
  @api self:modalActive()  @ 669

# Uses (outbound edges)
  @use call    am.reswingAll  @ 50
  @use call    am.takesUsing  @ 436
  @use call    chrome.checkbox  @ 566
  @use call    chrome.colour  @ 136, 143, 628
  @use call    chrome.disabledIf  @ 269, 412, 431, 437, 445, 534, 577
  @use call    chrome.libPicker  @ 400
  @use call    chrome.popChromeStyles  @ 640
  @use call    chrome.popChromeWindow  @ 519
  @use call    chrome.pushChromeStyles  @ 627
  @use call    chrome.pushChromeWindow  @ 475
  @use call    chrome.verticalSeparator  @ 424, 542, 563, 572
  @use call    cm.get  @ 172, 377, 380, 499, 656
  @use call    cm.getAt  @ 347, 348
  @use call    cm.set  @ 355, 362
  @use call    imgui.AlignTextToFramePadding  @ 248, 284, 314, 478, 545, 574
  @use call    imgui.ArrowButton  @ 332, 334
  @use call    imgui.BeginChild  @ 629
  @use call    imgui.BeginDisabled  @ 526
  @use call    imgui.BeginPopup  @ 553
  @use call    imgui.BeginPopupModal  @ 476
  @use call    imgui.Button  @ 336, 413, 421, 432, 438, 446, 460, 494, 496, 535, 549, 604
  @use call    imgui.CalcTextSize  @ 457
  @use call    imgui.CloseCurrentPopup  @ 477
  @use call    imgui.Combo  @ 255, 296
  @use call    imgui.DrawList_AddCircleFilled  @ 165
  @use call    imgui.DrawList_AddLine  @ 146
  @use call    imgui.DrawList_AddRectFilled  @ 136
  @use call    imgui.Dummy  @ 168
  @use call    imgui.EndChild  @ 638
  @use call    imgui.EndDisabled  @ 606
  @use call    imgui.EndPopup  @ 517, 559
  @use call    imgui.GetContentRegionAvail  @ 593
  @use call    imgui.GetCursorScreenPos  @ 103
  @use call    imgui.GetItemRectMax  @ 551
  @use call    imgui.GetItemRectMin  @ 550
  @use call    imgui.GetStyleVar  @ 458
  @use call    imgui.GetWindowDrawList  @ 104
  @use call    imgui.GetWindowViewport  @ 473
  @use call    imgui.InputText  @ 489
  @use call    imgui.IsItemDeactivatedAfterEdit  @ 264, 280, 308, 329, 588
  @use call    imgui.IsKeyPressed  @ 496, 620
  @use call    imgui.IsPopupOpen  @ 470
  @use call    imgui.IsWindowAppearing  @ 481
  @use call    imgui.OpenPopup  @ 471, 549
  @use call    imgui.PopID  @ 342, 491
  @use call    imgui.PopStyleColor  @ 639
  @use call    imgui.PopStyleVar  @ 461, 591
  @use call    imgui.PushID  @ 246, 488
  @use call    imgui.PushStyleColor  @ 628
  @use call    imgui.PushStyleVar  @ 394, 531
  @use call    imgui.SameLine  @ 250, 266, 283, 286, 313, 316, 331, 333, 335, 404, 411, 420, 423, 425, 435, 444, 455, 480, 493, 495, 541, 543, 547, 562, 564, 571, 573, 576
  @use call    imgui.Selectable  @ 555
  @use call    imgui.Separator  @ 592, 598, 633
  @use call    imgui.SetCursorPosX  @ 459
  @use call    imgui.SetKeyboardFocusHere  @ 482
  @use call    imgui.SetNextItemWidth  @ 254, 270, 287, 317, 485, 580
  @use call    imgui.SetNextWindowPos  @ 474, 552
  @use call    imgui.SliderDouble  @ 272, 320, 581
  @use call    imgui.Text  @ 249, 285, 315, 479, 546, 575
  @use call    imgui.TextColored  @ 515
  @use call    imgui.Viewport_GetCenter  @ 473
  @use call    timing.applyFactors  @ 159
  @use call    timing.atomTilePeriod  @ 86, 289, 339
  @use call    timing.compositePeriodQN  @ 578, 595
  @use call    timing.periodQN  @ 62, 182, 193, 301, 319, 579
  @use call    timing.resolveFactors  @ 100
  @use call    tv.cursorAnchor  @ 379
  @use call    tv.setSwingComposite  @ 204, 508
  @use call    tv.setSwingSlot  @ 509
  @use call    tv.timeSig  @ 54
  @use call    util.assign  @ 218
  @use call    util.deepClone  @ 210, 354, 536
  @use call    util.round  @ 106, 121
  @use require imgui  @ 21
  @use require timing  @ 15
  @use require util  @ 14

# REAPER API surface
  @reaper ImGui_GetBuiltinPath
  @reaper MB
