@module trackerManager  src=trackerManager.lua  loc=2975  sha=672fb18  mode=chunk  self=tm
@deps mm, cm, ds

# Invariants & contracts
  @invariant  tm holds (ppqL, raw) per event; mm holds raw; col events expose evt.ppq as logical
  @invariant  rebuild reconciles raw ↔ ppqL each pass (docs/timing.md)
  @invariant  detune is intent (per-note); pb is realisation (channel-wide stream)
  @invariant  only lane-1 notes drive detune realisation
  @invariant  pb.val is cents inside um; raw↔cents only at load/flush (rawToCents/centsToRaw)
  @invariant  cents window = cm:get('pbRange') * 100 per side
  @invariant  absorber pbs absorb lane-1 detune jumps; first onset anchors a pb-active channel
  @invariant  pb.derived=='absorber' marks an absorber (cc sidecar) or in-window seat (RAM-only)
  @invariant  replace-window seats are markerless; recognized by window, not a derived-tag on wire
  @invariant  pa stores aftertouch value in mm cc.vel; cc-routing fields stripped on projection
  @invariant  loc values valid only within one rebuild-to-flush window
  @invariant  um's notesByLoc/ccsByLoc rebuild fresh each rebuild
  @invariant  col events sort by logical ppq
  @invariant  endppq carries no delay; delay shifts only the note-on
  @invariant  16 channels always present; channels[i] non-nil for i in 1..16 after rebuild
  @invariant  noteEvent optional: muted, sample, sampleShadowed, <metadata...>
  @invariant  pbEventCol optional: delay, shape, tension
  @invariant  pbEventCol is the col projection; um cache holds raw cents in val
  @invariant  paEventCol mixes into note column events
  @contract  synthesised PCs carry derived='pc'; ppqL inherited from winning host-note record
  @contract  an existing derived PC matching (ppq, val) is kept, preserving mm-side loc
  @contract  appends removals/adds to the sink {del(event), add(spec)}
  @contract  if record.key set, marks key.sampleShadowed=true on records lost to lane priority
  @invariant  shadow marking is rebuild-only; flush callers omit key (rebuild reclones lane events)
  @invariant  c.pc.events not written here; rebuild's CC walk refreshes it from mm after commit
  @contract  update.ppq/endppq arrive logical
  @invariant  endppq is the authored ceiling: a finite logical value, or util.OPEN
  @contract  stamps ppqL and endppqL (OPEN→OPEN, else the logical ceiling)
  @contract  derives a provisional raw note-off; the universal tail pass owns the real one
  @invariant  endppqL is tm-private; callers never set it
  @contract  rawCaller=true bypass: translation skipped, only delay-delta applies
  @invariant  assignEvent consumes rawTime before calling; never reaches mm (docs/timing.md)
  @contract  notes default detune=0, delay=0, lane=1
  @contract  evt.ppq/endppq arrive logical; endppq is the authored ceiling (or util.OPEN)
  @contract  stamps ppqL and endppqL (tm-private); rewrites ppq/endppq to raw before mm
  @contract  evt.rawTime=true bypasses translation (mirrors assignEvent; rescale-only caller)
  @invariant  rawTime consumed here so it never persists on the record or reaches mm
  @contract  pb authoring frame is logical cents; val stored as cents on the event
  @contract  um only stages; rebuild absorber pass reconciles seats, recomputes raw vals at flush
  @contract  no-op if nothing staged
  @contract  commits deletes, then assigns, then adds under one mm:modify
  @contract  pb cents→raw conversion happens here
  @contract  byToken re-keyed live from mm:assign's returned token when an identity field moved
  @contract  snapshots ops before mm:modify; mm-callback re-entry can't re-emit in-flight ops
  @contract  cached per-(cm, mm) pair; invalidated at rebuild head.
  @contract  true iff note fits col: no over-threshold overlap, coincident onset always refuses
  @invariant  overlap threshold: same-pitch 0, cross-pitch lenient; dominated-by≥2 refuses
  @contract  consulted only for unstamped raw notes; stamped notes never reach it
  @contract  pick a lane for an external (unstamped) note via accept → sibling → push bump
  @invariant  called up front after internals placed + swing-reseated; tail walk clips tails after
  @contract  reentrancy-guarded; rebuilds channels[] from mm, reloads um cache, fires 'rebuild'
  @contract  takeChanged forwarded to subscribers via the captured pendingTakeSwap
  @contract  dead take (mm:take() nil) is a no-op; tv retains its last frame
  @contract  rebuild fires at end of every rebuild after the um cache is reloaded
  @invariant  takeChanged is true only when rebuild followed bindTake; signals take-tier reload
  @invariant  tvOnlyKeys skip the configChanged rebuild; defaultSwing is the sole remaining cm key
  @invariant  dataChanged 'swing' → global change marks all 16, else only the diffed channels
  @invariant  configChanged 'swings' → channels resolving to names with diff body vs prevSwings
  @invariant  prev*-caches refresh after each event and on bindTake
  @contract  atomic take swap: cm:setContext runs silently; mm:load fires the coherent rebuild
  @contract  opts.trackerMode (wiring-derived) seeds trackerMode under the same suppression window
  @contract  opts.markSwingStale=true rebuilds raw from ppqL under new (cm, mm) (seqMgr:reswingAll)
  @contract  bindTake(nil) is the dormant seam (e.g. samplePage)
  @invariant  bindTake(nil): cm clears under suppression; mm:load(nil) no-op; tm/tv keep last frame

# Shapes
  @shape  channel = { chan, columns = { notes, ccs={[ccNum]=col}, [pc], [pb], [at] } }
  @shape  column = { events=[evt,...], [cc=ccNum] }  -- events sorted by logical ppq
  @shape  noteEvent core = { ppq, endppq, pitch, vel, lane, detune, delay, loc }
  @shape  pbEventCol = { ppq, val=cents-minus-detune, detune, hidden, loc, ... }
  @shape  paEventCol = { evType='pa', ppq, pitch, vel, loc, ... }
  @shape  extraColumns[chan] = { notes=count, [pc], [pb], [at], [ccs={[ccNum]=true}] }
  @shape  lastMuteSet = { [chan] = true }, pushed by tv via tm:setMutedChannels
  @shape  fxParked = one evType-tagged off-take stash for every replace park; each spec is the authored
  @shape  event minus the realisation frame (ppq/endppq/loc/token/derived/frame/cents), so new metadata
  @shape  rides park automatically. Baseline fields per type (realised ppq re-derived on restore):
  @shape  note { evType='note', chan, lane, uuid, ppqL, endppqL, pitch, vel, detune, delay, sample, [fx] }
  @shape  cc { evType='cc', chan, cc, ppqL, val, shape }  |  pb { evType='pb', chan, ppqL, val (=cents), shape, [tension] }
  @shape  channels[chan].parked = { { evType='note', chan, uuid, ppq, ppqL, endppq, endppqL, endppqC, pitch, vel, detune, sample, delay, lane, [fx] }, ... } -- render-ready off-take replace cells (ppq==ppqL; endppq is the authored ceiling the view edits, endppqC==endppqL clipped for render)
  @shape  channels[chan].parkedCC = { { evType='cc', chan, cc, ppq, ppqL, val, shape }, ... } -- off-take cc-replace render cells (ppq==ppqL)
  @shape  channels[chan].parkedPb = { { evType='pb', chan, ppq, ppqL, val (=cents), cents, shape, [tension] }, ... } -- off-take pb-replace render cells (ppq==ppqL)

# Imports
  @require util = 'util'  @ 41
      @contract  a discrete-replace kind parks its host: a region parks its covered chord, a note parks itself
      @invariant  parked members feed generator + grid only; never sounding (mute fails for CC/PA)
  @require timing = 'timing'  @ 42
  @require tuning = 'tuning'  @ 43
  @require voicing = 'voicing'  @ 44
  @require generators = 'generators'  @ 45
  @require perf = 'perf'  @ 46

# Private state
  @state tm = {}  @ 54
  @state fire = util.installHooks(tm)  @ 55
  @state channels = {}  @ 59
  @state lastMuteSet = {}  @ 60
  @state staleSwing = {}  @ 62
      @invariant  staleSwing[chan]=true: resolved swing changed; rebuild rederives raw, clears
  @state dirtyChans = {}  @ 64
      @invariant  dirtyChans[chan]: gated stages (ccs/fx/park/tails/pbs/pcs) re-derive it, else freeze
  @state muteConform = {}  @ 66
  @state flushingParked = false  @ 69
  @state EPS = 1  @ 72
  @state pbLimCents  @ 89
  @state rebuilding = false  @ 2713
  @state mmReloaded = false  @ 2716

# Private functions
  @fn print(...)  @ 48-50
  -- STATE
  -- SHARED HELPERS
  @fn sortByPPQ(tbl)  @ 76-78
  @fn dirtyChan(chan)  @ 82-85
      -- General derivation-dirt spine: any edit/config change re-derives a channel's gated stages.
      -- Spurious dirt costs a re-derive; missed dirt writes silent wrong output. see design/dirty-channels.md § Scheme
  @fn pbLim()  @ 90-93
  @fn centsToRaw(cents)  @ 95-97
  @fn isCurved(shape)  @ 99-101
  @fn ccGridStep()  @ 104-106
      -- CCINTERP is interpolated points per QN; the densify grid wants a tick step.
  @fn mergeWindows(bucket)  @ 110-121
      -- Merge macro windows into maximal covered spans (overlap/adjacency joins, gaps split); and pick the
      -- macros covering a span. Shared by cc- and pb-augment summation.
  @fn overlapping(bucket, span)  @ 122-128
  @fn sumStreams(base, macros, span, opts)  @ 132-203
      -- Sum a held base curve and N macro curves onto the ccGridStep lattice over span [sL, eL) -- half-open,
      -- so eL is never emitted. Macros anchor 0 at their own edges, so disjoint macros still sum correctly.
  @fn rawToCents(raw)  @ 205-207
  @fn delayToPPQ(delay)  @ 209
  @fn forEachEvent(fn)  @ 211-232
  -- derived-event reconcile skeleton (R2)
  @fn reconcileDerived(a)  @ 238-253
      -- Index existing by `key`, keep-on-match, add the rest, remove unkept. The absorber pass is a richer fungible-move variant, inline.
      @contract  appends unmatched-existing to sink.del(event), new/made specs to sink.add(spec)
  -- PC synthesis reconciliation (grouping + lane-winner pre-pass, then the skeleton)
  @fn reconcilePCsForChan(chan, records, sink)  @ 263-285
  -- fxNote reconciliation (the PC-synthesis skeleton, note-shaped)
  @fn fxKey(spec)  @ 291-294
      -- Identity is geometry: (host, ppq, endppqL, pitch, vel, detune, sample); stale endppqL still
      -- matches (tail-walk-owned realised end stays out). Fields are integer at source (blob codec read).
  @fn reconcileFx(existing, predicted, sink)  @ 298-301
      -- onKeep carries the matched note's token + realised end onto the predicted spec, so a
      -- kept fxNote is re-clipped through its token by the tail walk rather than re-added.
      · State
      · Accessors
  -- UPDATE MANAGER
  @fn detuneAt(chan, P)  @ 323-326
      -- Prevailing lane-1 detune at-or-before ppq; flush derives wire-raw = cents + detuneAt(seat).
      -- Full absorber reconciliation is rebuild's absorber pass; um just stages the best-effort value.
  @fn forEachAttachedPA(host, fn)  @ 328-335
      · Low-level mutation
  @fn chansListFor(evt, chan, lane)  @ 341-344
      -- chans indexes only what detune/seek read: lane-1 notes and pbs. One place to
      -- resolve the target list, so insert/remove/migrate stay in sync across ops.
  @fn chansInsert(evt)  @ 348-353
  @fn chansRemove(evt, chan, lane)  @ 354-358
  @fn makeEntry(e, tok)  @ 362-376
      -- Construct the um-frame index entry for one mm clone and file it into byToken/byUuid.
      -- Shared verbatim by full reload and the incremental verbs so both build identical entries.
  @fn refreshEntry(prev, e, tok)  @ 380-395
      -- Refresh an existing entry from mm's fresh clone in place: prev keeps its ppq-sorted
      -- slot in chans, so a same-slot reconcile skips the chansRemove scan, reinsert and sort.
  @fn idxReconcile(tok)  @ 399-414
      -- Incremental index upkeep for one token. Same token + same target list => same slot
      -- (ppq is an identity field): refresh in place, else remove + reinsert. see docs/trackerManager.md § Incremental index reconciliation
  @fn pbSource(evt, lane)  @ 418-420
  @fn assignDirtiesPb(evt, oldLane, update)  @ 421-428
  @fn addLowlevel(evt)  @ 433-437
      @contract  only lane==1 notes index into chans[chan].notes
      @contract  higher-lane notes get queued for mm but don't feed detune/realisation reads
      @contract  caller supplies evt.evType
  @fn assignLowlevel(evt, update)  @ 441-464
      @contract  dedupes by token; in-flight assigns to the same event collapse into one mm write
      @invariant  util.REMOVE markers must survive merging
  @fn deleteLowlevel(evt)  @ 466-484
      · High-level ops
  @fn dirtyPc(chan)  @ 491
  @fn addNote(n)  @ 493-497
  @fn deleteNote(n, keepPAs)  @ 499-503
  @fn resizeNote(n, P1, P2, cullEnd)  @ 507-525
      -- cullEnd is the span ceiling PAs are tested against; for an open tail
      -- it must be passed explicitly — see docs/trackerManager.md § Update manager.
  @fn assignNote(n, update)  @ 530-546
      @contract  lane/chan changes accepted; rebuild reseats columns via pickStampedLane
      @contract  chan change: rebuild's absorber pass reconciles fakes across both channels
      @contract  ppq/endppq route through resizeNote
      · PC reconciliation (trackerMode mutation hook)
  @fn reconcilePcs(chan)  @ 550-567
  @fn lookup(evtOrToken)  @ 569-573
      · Public interface
  @fn deleteEvent(evtOrToken)  @ 581-586
  @fn stampEndppq(rec, chan)  @ 590-596
      -- endppq arrives as authored logical ceiling. OPEN stamps open ceiling + provisional raw note-off
      -- (ppq+1; tail pass derives the real one); finite value stamps logical ceiling and derives raw.
  @fn realiseNoteUpdate(evt, update, rawCaller)  @ 605-636
  @fn realiseNonNoteUpdate(chan, update)  @ 638-642
  @fn realiseAddPpq(evt, isNote)  @ 644-650
  @fn assignEvent(evtOrToken, update)  @ 652-667
  @fn addEvent(evt)  @ 676-690
      · Parked staging (B3): logical-only edits to the fx replace off-take.
  @fn mintParkedUuid()  @ 699-702
  @fn addParked(spec)  @ 704-707
  @fn assignParked(evt, update)  @ 709-711
  @fn deleteParked(evt)  @ 713-715
  @fn findParked(list, ref)  @ 717-725
  @fn flushParked()  @ 729-748
      -- Apply staged edits to cloned stashes, then write back under flushingParked so the inline
      -- dataChanged rebuild is suppressed (flush drives the one rebuild).
      · Flush: commit accumulated ops to mm.
  @fn flush()  @ 761-864
      @contract  preflush fires before the no-op check so a subscriber can stage peer ops
      @contract  postflush fires after mm:modify; subscribers read mm-stamped uuids on staged adds
      · Init / reload: (re)load local cache from mm.
  @fn loadIndex()  @ 870-882
      -- Rebuild the whole index from mm. Only for genuine loads (init, take swap, external
      -- re-read) where the incremental index is stale; edit rebuilds keep the live index.
  @fn clearStaging()  @ 886-890
      -- Drop un-flushed staging: a rebuild must not carry command-path ops across
      -- (tokens may be stale for newly-added events; matches prior "fresh um per rebuild").
  @fn reload()  @ 892
  -- Accessors
  @fn currentSwing()  @ 933-968
  @fn clearSwing()  @ 978-980
  -- Mutation
  -- Length
  -- Transport
  -- Mute
  -- Rebuild step helpers
  @fn pushNoteCol(channel)  @ 1160-1163
  @fn projectCC(cc, token, overlay)  @ 1167-1172
      -- Column events keep chan/cc so each event is self-describing (the leaf-edit
      -- facade resolves an event's column from its own chan + lane/cc; see trackerView).
  @fn strictNextMap(groups, onset)  @ 1176-1186
      -- Strict-next per note: first group member with a greater ppq,
      -- chord-mates skipped. Precomputed O(n); see docs/trackerManager.md § Rebuild.
  @fn mmBatch()  @ 1190-1222
      -- Accumulate mm ops, commit once in canonical delete -> assign -> add order; no-op if empty.
      -- assign re-keys a passed evt's token in place when an identity field moved.
  @fn rawDivergesFromLogical(evt)  @ 1226-1233
      -- True when raw ppq can't be explained by the logical projection: foreign MIDI (no ppqL) or
      -- an external raw edit. staleSwing chans return false -- their divergence is an expected reseat.
  -- Rebuild steps
  @fn rebuildInternals(fx)  @ 1239-1291
      -- Partition mm notes stamped/external, lay internal columns, reseat stale-swing. Returns external.
      -- see docs/trackerManager.md § Rebuild: partition
  @fn rebuildCCs(fx)  @ 1295-1373
      -- CC walk: build the carrier routing map, reconcile (raw,ppqL), project CCs.
      -- Returns a carrier-map persister; run after fx expansion. see docs/trackerManager.md § Rebuild: CC walk
  @fn rebuildExtraColumns()  @ 1377-1398
      -- Reconcile extra columns against the persisted extraColumns spec; grow the spec when a
      -- channel already holds more note lanes than recorded.
  @fn rebuildExternals(external)  @ 1402-1469
      -- Reintroduce externals: pack lane, stamp ppqL/endppqL, backfill metadata, tag `fixed`;
      -- block window + tail passes -- onsets frozen, tails clipped. see docs/trackerManager.md § Rebuild: externals
  @fn realiseParked(members, takeLenL, bounds)  @ 1473-1494
      -- Clip each parked member's tail to lane/pitch successor onset and take end (logical frame),
      -- against bounds (unclipped on-take notes). See docs/trackerManager.md § Region-replace parking.
  @fn rebuildRegionPark(deferred, currentWindows)  @ 1499-1730
  @fn rebuildPA()  @ 1734-1767
      -- Late PA projection: mixes into note columns once lanes are settled, so the view (and rebuildFx's
      -- channelStreams) read it inline. Must follow column layout, so it can't ride the CC walk.
  @fn computeFxWindows()  @ 1771-1801
      -- fx host voice extents + per-note same-lane successor ppqL, floored by authored end; a pure, G4-stable scan
      -- of the settled note columns. Runs for all 16 chans so parking + recognition see the complete window set. see design/archive/note-macros.md § host contract
  @fn rebuildFx(fx, deferred, fxWindow, nextInLane, currentWindows)  @ 1805-2129
      -- Fx expansion: fx-carrying notes / fx-regions -> derived notes, CCs;
      -- reconcile vs existing, note writes deferred to the tail walk. see design/note-macros-v2.md § Offline continuous realisation
  @fn rebuildTails(fx, deferred)  @ 2133-2207
      -- Unified tail/onset walk + atomic commit: real notes, fixed externals, fx.noteLive
      -- walk together (onset clamp then tail clip); host clip + fxNote del/add in one mm:modify. see docs/trackerManager.md § Rebuild: tail walk
  @fn rebuildPbs(noteLive, replacePb, pbAugment)  @ 2211-2633
      -- Reseat absorber pbs against the post-walk lane-1 layout, recompute their raw vals,
      -- and project the pb column. see docs/tuning.md § Absorber reconciliation
  @fn rebuildPCs(fx)  @ 2637-2668
      -- PC synthesis (trackerMode only). Runs after externals so a foreign-MIDI note inherits
      -- sample from the prevailing PC.
  @fn projectLogical()  @ 2672-2709
      -- Project columns to logical. tv surface is logical-only; ppq/endppq leave here as floats.
      -- see docs/trackerManager.md § Rebuild: logical projection
  -- Rebuild
  -- Lifecycle
  @fn readSwings()  @ 2825
      -- Merged-tier read: a save at any tier lands in the same merged view, so diff
      -- captures real change to the composite a channel will resolve to.
  @fn snapshotSwingState()  @ 2829-2832
  @fn swingChannelDiff(prev, cur)  @ 2834-2841
  @fn changedSwingNames(prev, cur)  @ 2843-2853
  @fn channelsResolvingTo(names)  @ 2856-2868
      -- Global swing shadows the per-channel slots: a hit on the global name affects all 16.

# Public API (tm:*)
  @api tm:byUuid(uuid)  @ 579
      -- The live column event for a uuid, valid until the next rebuild.
      -- uuid is durable; token is re-keyed each rebuild, so cross-rebuild handles use uuid.
  @api tm:getChannel(chan)  @ 901
  @api tm:channels()  @ 903-912
  @api tm:editCursor()  @ 914-918
  @api tm:length()  @ 920
  @api tm:resolution()  @ 921
  @api tm:name()  @ 922
  @api tm:setName(name)  @ 923
  @api tm:timeSigs()  @ 924
  @api tm:interpolate(A, B, ppq, field)  @ 925
  @api tm:fromLogical(chan, ppqL, offset)  @ 970-972
  @api tm:toLogical(chan, ppqI)  @ 974-976
  @api tm:markSwingStale(chan)  @ 985-989
      @contract  chan==nil marks all 16 channels stale; otherwise just the named channel
      @contract  consumed by the next tm:rebuild, then cleared
  @api tm:deleteEvent(evt)  @ 993
  @api tm:addEvent(evt)  @ 994
  @api tm:assignEvent(evt, update)  @ 995
  @api tm:addParked(spec)  @ 996
  @api tm:assignParked(evt, update)  @ 997
  @api tm:deleteParked(evt)  @ 998
  @api tm:flush()  @ 999
  @api tm:setLength(newPpq)  @ 1004-1021
      -- On shrink, notes spanning the boundary keep their onset and have endppq clamped.
  @api tm:rescaleLength(newPpq)  @ 1025-1074
      -- Stretch take to newPpq: logical rows scale by f=newPpq/oldPpq, raw rederived through swing.
      -- see docs/trackerManager.md § Length operations
  @api tm:tileLength(newPpq)  @ 1078-1118
      -- Loop [0, oldPpq) at offsets k·oldPpq to fill newPpq; shrinks fall through to setLength.
      -- see docs/trackerManager.md § Length operations
  @api tm:playFrom(ppq)  @ 1122-1126
  @api tm:play()  @ 1128
  @api tm:stop()  @ 1129
  @api tm:playPause()  @ 1130
  @api tm:setMutedChannels(set)  @ 1137-1156
      @contract  sweeps only chans with a mute delta or rebuild dirt; assign only when n.muted differs
      @invariant  lastMuteSet also tags later-added notes (add path stamps muted at insert)
      @invariant  PA events ride along in note columns but carry no mute state — skipped
  @api tm:rebuild(takeChanged)  @ 2722-2812
      -- see docs/trackerManager.md § Rebuild
  @api tm:bindTake(take, opts)  @ 2947-2957
  @api tm:detach()  @ 2960-2965
      @contract  take died under us — nils mm.take so tm:currentTake reads nil; not bindTake(nil) seam
  @api tm:currentTake()  @ 2967
  @api tm:reloadFromReaper()  @ 2971
      @contract  re-reads the bound take from REAPER; mm:reload fires standard reload→rebuild
      @invariant  reloadFromReaper does not swap take; for coord's external-mutation watcher

# Signals emitted (via util.installHooks)
  @emits preflush   -- (adds, assigns, deletes)   @ flush:762
  @emits postflush   -- nil   @ flush:775,863
  @emits rebuild   -- takeChanged:boolean   @ rebuild:2811

# Uses (outbound edges)
  @use call    cm.boundTake  @ 2900,2920
  @use call    cm.get  @ pbLim:91 flush:763 currentSwing:938 rebuildExternals:1409,1446 rebuildFx:1838 rebuildPCs:2638 readSwings:2825
  @use call    cm.set  @ bindTake:2950
  @use call    cm.setContext  @ bindTake:2949 detach:2962
  @use call    ds.assign  @ flushParked:746 rebuildExtraColumns:1397 rebuildRegionPark:1553 rebuild:2798
  @use call    ds.get  @ flushParked:730,746 currentSwing:944 rebuildCCs:1321 rebuildExtraColumns:1378 rebuildRegionPark:1552,1560,1670 rebuildFx:1847 rebuildPbs:2212 rebuild:2769,2797 2827,2922 snapshotSwingState:2831 channelsResolvingTo:2859
  @use call    generators.parkWindows  @ rebuild:2780
  @use call    generators.parksNotes  @ rebuildRegionPark:1514 rebuildFx:2074
  @use call    mm.add  @ flush:855 tileLength:1114 mmBatch:1212,1213
  @use call    mm.assign  @ flush:847 mmBatch:1205
  @use call    mm.byToken  @ idxReconcile:402
  @use call    mm.ccInterp  @ ccGridStep:105
  @use call    mm.ccsRaw  @ rebuildCCs:1326 rebuildRegionPark:1685,1714 rebuildPA:1759 rebuildFx:1827 rebuildPbs:2255 rebuildPCs:2663
  @use call    mm.delete  @ flush:843 mmBatch:1202
  @use call    mm.events  @ loadIndex:875 tileLength:1093
  @use call    mm.interpolate  @ sumStreams:152 interpolate:925 rebuildPbs:2402
  @use call    mm.length  @ length:920 currentSwing:937 setLength:1006 rescaleLength:1027 tileLength:1080
  @use call    mm.load  @ bindTake:2955
  @use call    mm.modify  @ flush:841 tileLength:1109 mmBatch:1201
  @use call    mm.name  @ name:922
  @use call    mm.notesRaw  @ rebuildInternals:1241
  @use call    mm.reindexIfStale  @ loadIndex:871
  @use call    mm.reload  @ reloadFromReaper:2971
  @use call    mm.resolution  @ ccGridStep:105 delayToPPQ:209 resolution:921 currentSwing:937 setLength:1020 rescaleLength:1029,1073 tileLength:1095 rebuildExternals:1409 rebuildFx:1836 projectLogical:2673
  @use call    mm.setLength  @ setLength:1020 rescaleLength:1029,1073 tileLength:1095
  @use call    mm.setName  @ setName:923
  @use call    mm.take  @ editCursor:915,917 playFrom:1123,1124 rebuildExtraColumns:1397 rebuildRegionPark:1552 rebuild:2724,2797 currentTake:2967
  @use call    mm.timeSigs  @ timeSigs:924
  @use call    mm.tokenOf  @ rebuildInternals:1244 rebuildCCs:1328,1357 rebuildRegionPark:1693,1717 rebuildPA:1763 rebuildPbs:2258 rebuildPCs:2665
  @use call    mm.unload  @ detach:2964
  @use call    perf.count  @ flush:819
  @use call    perf.report  @ flush:862
  @use call    perf.start  @ flush:779,840 rebuildPbs:2219,2220,2251,2284,2506,2572,2613,2630 rebuild:2759,2760,2762,2763,2782,2783,2788,2790,2791,2792,2794,2803,2811
  @use call    perf.stop  @ flush:861,862 rebuildPbs:2249,2262,2263,2504,2569,2600,2626,2632 rebuild:2759,2760,2762,2763,2782,2783,2788,2790,2791,2792,2794,2803,2811
  @use call    timing.delayToPPQ  @ delayToPPQ:209
  @use call    timing.eval  @ currentSwing:954,955
  @use call    timing.invert  @ currentSwing:960,962
  @use call    timing.isIdentity  @ currentSwing:941
  @use call    timing.ppqToDelay  @ projectLogical:2681
  @use call    timing.resolveComposite  @ currentSwing:942
  @use call    tuning.findTemper  @ rebuildFx:1838
  @use call    tuning.transposeStep  @ rebuildFx:1840
  @use call    util.add  @ mergeWindows:112,118 overlapping:125 sumStreams:136,173,190,194,201 reconcilePCsForChan:272 chansInsert:351 addLowlevel:436 assignLowlevel:463 deleteLowlevel:475 reconcilePcs:554,561 addParked:706 assignParked:710 deleteParked:714 flushParked:735 flush:796,805 loadIndex:878 setLength:1011,1013 rescaleLength:1057 tileLength:1088 pushNoteCol:1162 mmBatch:1193,1194,1195,1197 rebuildInternals:1245,1246,1247,1272,1274 rebuildCCs:1305,1322,1332,1368 rebuildExternals:1465 rebuildRegionPark:1530,1536,1537,1539,1547,1570,1590,1615,1633,1654,1677,1678,1694 rebuildPA:1763 rebuildFx:1865,1879,1891,1894,1945,1953,1969,1992,1998,2003,2031,2045,2077,2090,2100,2102 rebuildTails:2143,2148 rebuildPbs:2237,2243,2291,2295,2305,2316,2322,2337,2344,2348,2380,2416,2515,2543,2547,2622 rebuildPCs:2646,2651,2665 rebuild:2769,2774
  @use call    util.assign  @ refreshEntry:388 assignLowlevel:443 flushParked:739 flush:812 projectCC:1170 rebuildExternals:1463 rebuildRegionPark:1505,1594,1604,1641,1705,1724
  @use call    util.bucket  @ reconcilePCsForChan:267 flush:787,790 realiseParked:1476,1477 rebuildRegionPark:1560 computeFxWindows:1782 rebuildFx:1829,1848,1886,1908,1914,1926,2010 rebuildTails:2162,2163 rebuildPbs:2259
  @use call    util.clamp  @ centsToRaw:96 sumStreams:164
  @use call    util.clone  @ tileLength:1087,1113 setMutedChannels:1139 projectCC:1168 rebuildInternals:1244 rebuildCCs:1355 rebuildExternals:1462 rebuildRegionPark:1505,1588,1594,1604,1641,1693,1705,1724 rebuildPbs:2257,2554
  @use call    util.deepClone  @ flushParked:730 2826,2827,2907,2928 snapshotSwingState:2830,2831
  @use call    util.deepEq  @ flushParked:746 rebuildRegionPark:1552 rebuild:2797 changedSwingNames:2847
  @use call    util.installHooks  @ 55
  @use call    util.key  @ fxKey:292 flush:787,790 rebuildRegionPark:1671,1674 rebuildFx:2117
  @use call    util.pick  @ makeEntry:367 rebuildFx:1865
  @use call    util.print  @ print:49
  @use call    util.round  @ centsToRaw:96 ccGridStep:105 sumStreams:163 rawToCents:206 fromLogical:971 rescaleLength:1044,1051 rebuildTails:2193 projectLogical:2681
  @use call    util.seek  @ detuneAt:324 rebuildPbs:2215
  @use call    voicing.nudgeOnsets  @ rebuildInternals:1284 rebuildTails:2170
  @use call    voicing.resolveGroup  @ flush:795
  @use forward mm:notesDeduped  @ 2875
  @use forward mm:takeSwapped  @ 2877
  @use forward mm:uuidsReassigned  @ 2876
  @use require generators  @ 45
  @use require perf  @ 46
  @use require timing  @ 42
  @use require tuning  @ 43
  @use require util  @ 41
  @use require voicing  @ 44
  @use sub     cm:configChanged  @ 2899
  @use sub     ds:dataChanged  @ 2916
  @use sub     mm:collisionsResolved  @ 2880
  @use sub     mm:reload  @ 2887
  @use sub     mm:takeSwapped  @ 2886

# REAPER API surface
  @reaper GetCursorPosition
  @reaper MIDI_GetPPQPosFromProjTime, MIDI_GetProjTimeFromPPQPos
  @reaper SetEditCurPos
  @reaper Main_OnCommand
