@module util  src=util.lua  loc=397  sha=d4f20ff

# Invariants & contracts (module)
  @map:invariant  stateless module: pure helpers, no module-level mutable state beyond the REMOVE sentinel
  @map:invariant  util.REMOVE is the canonical delete marker honoured by assign and by mm/cm assignment APIs

# Module-level constants
  @const BASE36 = '0123456789ABCDEFGHIJKLMNOPQRSTUVWXYZ'  @ 226

# Module-level functions (private)
  @fn print(...)  @ 16
  @fn escape_string(s)  @ 126

# Public API (util.*)
  @api util.print(...)  @ 8
  @api util.print_r(root)  @ 20
  @api util.assign(t1,t2)  @ 44
      @map:contract  values equal to util.REMOVE clear the key from t1 instead of being assigned
  @api util.add(tbl, val)  @ 57
  @api util.pick(src, keys, adds)  @ 62
  @api util.bucket(buckets, key, val)  @ 73
  @api util.seek(items, mode, key, filter, keyFn)  @ 81
      @map:contract  assumes items sorted by keyFn (defaults to .ppq); 'before' modes scan to first miss then stop
  @api util.clone(src, exclude, deep)  @ 105
      @map:contract  exclude applies only to the outermost table; deep recursion drops the exclude set
  @api util.deepClone(src)  @ 116
  @api util.deepEq(a, b)  @ 118
  @api util.installHooks(owner)  @ 141
      @map:contract  listeners filter by signal name at registration; forward requires source itself ran installHooks
  @api util.isNote(e)  @ 160
  @api util.between(events, lo, hi, filter)  @ 163
      @map:contract  iterates events with ppq in half-open [lo, hi); adjacent windows tile without overlap
  @api util.clamp(val,min,max)  @ 176
  @api util.setDigit(val, d, pos, base, half)  @ 186
  @api util.snapTo(v, dir, interval)  @ 193
      @map:contract  advances at least one full interval; values already on a boundary do not no-op
  @api util.nudgedScalar(v, lo, hi, dir, interval)  @ 198
  @api util.oneOf(choices, txt)  @ 203
  @api util.round(n, to)  @ 210
  @api util.gcd(a, b)  @ 218
  @api util.lcm(a, b)  @ 224
  @api util.toBase36(n)  @ 228
  @api util.fromBase36(txt)  @ 239
  @api util.dotimes(n, v)  @ 244
      @map:contract  overloaded on type of v: function => call n times for side effect; else build n-array filled with v
  @api util.serialise(value, exclude, seen)  @ 255
      @map:contract  strict: cycles raise; exclude applies only to the outermost table (recursion drops it)
  @api util.unserialise(input)  @ 290
      @map:contract  strict: trailing chars after the root value raise; scalars decode back to number/boolean/string

