@module wiringPage  src=wiringPage.lua  loc=63  sha=f1b7084  mode=chunk  self=wp
@deps cm, ds, cmgr, chrome, gui, modalHost, facade

# Imports
  @require util = 'util'  @ 12
      @contract  constructs the substack (rm/wm local, only wv leaves); the renderer is handed wv, never wm/rm  @ 9
      @contract  wiring is project-wide — bind() takes no take and never re-keys cm; tracker take and sampler track are unaffected  @ 10
      @contract  render hooks delegate to wiringRender; lifecycle (unbind/enableLive) drives wv/wr  @ 11

# Constructed sub-instances
  @construct rm = util.instantiate('routingManager')  @ 23
  @construct wm = util.instantiate('wiringManager')  @ 24
  @construct wv = util.instantiate('wiringView')  @ 25
  @construct wr = util.instantiate('wiringRender')  @ 27

# Private state
  @state wp = {}  @ 41

# Public API (wp:*)
  -- Page lifecycle — wiring is project-wide, so bind takes no take
  @api wp:bind()  @ 48
      @contract  bind takes no take — wiring is project-wide. coord may call with no args (or a take, ignored).  @ 47
  @api wp:unbind()  @ 49
  @api wp:enableLive()  @ 52
      @contract  turn on live recompile — every wiringChanged drives a diff+apply, plus one immediate reconcile pass to sync REAPER with the persisted graph at boot. Idempotent. Called once from continuum after registration.  @ 51
  @api wp:syncExternal()  @ 55
      @contract  reread the graph when REAPER routing changed under us; active page only (coord-gated)  @ 54
  -- Page interface — render delegates to the renderer
  @api wp:toolbarSegments()  @ 58
  @api wp:renderBody(ctx, w, h, dispatch)  @ 59
  @api wp:renderStatusBar(ctx)  @ 60
  @api wp:focusState()  @ 61

# Uses (outbound edges)
  @use call    facade.publish  @ 32
  @use call    facade.publishDebug  @ 39
  @use call    util.instantiate  @ 23,24,25,27
  @use call    wm:isWiringOwnedTrack  @ 33
  @use call    wm:paramTargets  @ 34
  @use call    wm:samplerReachable  @ 35
  @use call    wr:closeTransients  @ unbind:49
  @use call    wr:focusState  @ focusState:61
  @use call    wr:renderBody  @ renderBody:59
  @use call    wr:renderStatusBar  @ renderStatusBar:60
  @use call    wr:toolbarSegments  @ toolbarSegments:58
  @use call    wv:enableLive  @ enableLive:52
  @use call    wv:syncExternal  @ syncExternal:55
  @use require routingManager  @ 23
  @use require util  @ 12
  @use require wiringManager  @ 24
  @use require wiringRender  @ 27
  @use require wiringView  @ 25

# REAPER API surface
  @reaper ImGui_GetBuiltinPath
  @reaper MB
